\BOOKMARK [0][-]{chapter*.1}{\376\377\000A\000C\000K\000N\000O\000W\000L\000E\000D\000G\000M\000E\000N\000T}{}% 1
\BOOKMARK [0][-]{chapter*.2}{\376\377\000A\000B\000S\000T\000R\000A\000C\000T}{}% 2
\BOOKMARK [0][-]{chapter*.7}{\376\377\000L\000I\000S\000T\000\040\000O\000F\000\040\000A\000B\000B\000R\000E\000V\000I\000A\000T\000I\000O\000N\000S}{}% 3
\BOOKMARK [0][-]{chapter.1}{\376\377\000I\000N\000T\000R\000O\000D\000U\000C\000T\000I\000O\000N}{}% 4
\BOOKMARK [1][-]{section.1.1}{\376\377\000B\000a\000c\000k\000g\000r\000o\000u\000n\000d\000\040\000a\000n\000d\000\040\000M\000o\000t\000i\000v\000a\000t\000i\000o\000n}{chapter.1}% 5
\BOOKMARK [1][-]{section.1.2}{\376\377\000P\000r\000o\000b\000l\000e\000m\000\040\000S\000t\000a\000t\000e\000m\000e\000n\000t}{chapter.1}% 6
\BOOKMARK [1][-]{section.1.3}{\376\377\000O\000b\000j\000e\000c\000t\000i\000v\000e\000s}{chapter.1}% 7
\BOOKMARK [1][-]{section.1.4}{\376\377\000C\000o\000n\000t\000r\000i\000b\000u\000t\000i\000o\000n\000s}{chapter.1}% 8
\BOOKMARK [1][-]{section.1.5}{\376\377\000O\000r\000g\000a\000n\000i\000z\000a\000t\000i\000o\000n\000\040\000o\000f\000\040\000t\000h\000e\000\040\000T\000h\000e\000s\000i\000s}{chapter.1}% 9
\BOOKMARK [0][-]{chapter.2}{\376\377\000T\000H\000E\000O\000R\000E\000T\000I\000C\000A\000L\000\040\000B\000A\000C\000K\000G\000R\000O\000U\000N\000D}{}% 10
\BOOKMARK [1][-]{section.2.1}{\376\377\000S\000o\000l\000a\000r\000\040\000R\000a\000d\000i\000o\000\040\000E\000m\000i\000s\000s\000i\000o\000n}{chapter.2}% 11
\BOOKMARK [2][-]{subsection.2.1.1}{\376\377\000T\000h\000e\000\040\000Q\000u\000i\000e\000t\000\040\000S\000u\000n\000\040\000a\000n\000d\000\040\000t\000h\000e\000\040\000B\000r\000i\000g\000h\000t\000n\000e\000s\000s\000\040\000T\000e\000m\000p\000e\000r\000a\000t\000u\000r\000e}{section.2.1}% 12
\BOOKMARK [2][-]{subsection.2.1.2}{\376\377\000S\000o\000l\000a\000r\000\040\000R\000a\000d\000i\000o\000\040\000B\000u\000r\000s\000t\000s}{section.2.1}% 13
\BOOKMARK [1][-]{section.2.2}{\376\377\000F\000u\000n\000d\000a\000m\000e\000n\000t\000a\000l\000s\000\040\000o\000f\000\040\000A\000n\000t\000e\000n\000n\000a\000\040\000T\000h\000e\000o\000r\000y}{chapter.2}% 14
\BOOKMARK [2][-]{subsection.2.2.1}{\376\377\000T\000h\000e\000\040\000A\000n\000t\000e\000n\000n\000a\000\040\000a\000s\000\040\000a\000n\000\040\000E\000l\000e\000c\000t\000r\000o\000m\000a\000g\000n\000e\000t\000i\000c\000\040\000T\000r\000a\000n\000s\000d\000u\000c\000e\000r}{section.2.2}% 15
\BOOKMARK [2][-]{subsection.2.2.2}{\376\377\000E\000f\000f\000e\000c\000t\000i\000v\000e\000\040\000A\000p\000e\000r\000t\000u\000r\000e\000\040\000a\000n\000d\000\040\000t\000h\000e\000\040\000F\000r\000i\000i\000s\000\040\000R\000e\000c\000e\000p\000t\000i\000o\000n\000\040\000R\000e\000l\000a\000t\000i\000o\000n}{section.2.2}% 16
\BOOKMARK [2][-]{subsection.2.2.3}{\376\377\000T\000h\000e\000\040\000Y\000a\000g\000i\040\023\000U\000d\000a\000\040\000A\000n\000t\000e\000n\000n\000a}{section.2.2}% 17
\BOOKMARK [1][-]{section.2.3}{\376\377\000R\000e\000c\000e\000i\000v\000e\000r\000\040\000N\000o\000i\000s\000e\000\040\000a\000n\000d\000\040\000S\000e\000n\000s\000i\000t\000i\000v\000i\000t\000y}{chapter.2}% 18
\BOOKMARK [2][-]{subsection.2.3.1}{\376\377\000J\000o\000h\000n\000s\000o\000n\040\023\000N\000y\000q\000u\000i\000s\000t\000\040\000T\000h\000e\000r\000m\000a\000l\000\040\000N\000o\000i\000s\000e}{section.2.3}% 19
\BOOKMARK [2][-]{subsection.2.3.2}{\376\377\000T\000h\000e\000\040\000R\000a\000d\000i\000o\000m\000e\000t\000e\000r\000\040\000E\000q\000u\000a\000t\000i\000o\000n}{section.2.3}% 20
\BOOKMARK [1][-]{section.2.4}{\376\377\000R\000a\000d\000i\000o\000\040\000I\000n\000t\000e\000r\000f\000e\000r\000o\000m\000e\000t\000r\000y}{chapter.2}% 21
\BOOKMARK [2][-]{subsection.2.4.1}{\376\377\000T\000h\000e\000\040\000M\000u\000t\000u\000a\000l\000\040\000C\000o\000h\000e\000r\000e\000n\000c\000e\000\040\000F\000u\000n\000c\000t\000i\000o\000n\000\040\000o\000f\000\040\000a\000n\000\040\000I\000n\000c\000o\000h\000e\000r\000e\000n\000t\000\040\000S\000o\000u\000r\000c\000e}{section.2.4}% 22
\BOOKMARK [2][-]{subsection.2.4.2}{\376\377\000T\000h\000e\000\040\000T\000w\000o\000-\000E\000l\000e\000m\000e\000n\000t\000\040\000I\000n\000t\000e\000r\000f\000e\000r\000o\000m\000e\000t\000e\000r\000\040\000a\000n\000d\000\040\000t\000h\000e\000\040\000C\000o\000r\000r\000e\000l\000a\000t\000o\000r}{section.2.4}% 23
\BOOKMARK [2][-]{subsection.2.4.3}{\376\377\000Q\000u\000a\000s\000i\000-\000M\000o\000n\000o\000c\000h\000r\000o\000m\000a\000t\000i\000c\000\040\000A\000p\000p\000r\000o\000x\000i\000m\000a\000t\000i\000o\000n\000\040\000a\000n\000d\000\040\000t\000h\000e\000\040\000E\000f\000f\000e\000c\000t\000\040\000o\000f\000\040\000B\000a\000n\000d\000w\000i\000d\000t\000h}{section.2.4}% 24
\BOOKMARK [2][-]{subsection.2.4.4}{\376\377\000T\000h\000e\000\040\000V\000i\000s\000i\000b\000i\000l\000i\000t\000y\000\040\000F\000u\000n\000c\000t\000i\000o\000n}{section.2.4}% 25
\BOOKMARK [2][-]{subsection.2.4.5}{\376\377\000T\000h\000e\000\040\000\050\000u\000,\000v\000,\000w\000\051\000\040\000C\000o\000o\000r\000d\000i\000n\000a\000t\000e\000\040\000S\000y\000s\000t\000e\000m}{section.2.4}% 26
\BOOKMARK [2][-]{subsection.2.4.6}{\376\377\000T\000h\000e\000\040\000V\000a\000n\000\040\000C\000i\000t\000t\000e\000r\000t\040\023\000Z\000e\000r\000n\000i\000k\000e\000\040\000T\000h\000e\000o\000r\000e\000m\000\040\000a\000n\000d\000\040\000t\000h\000e\000\040\000S\000m\000a\000l\000l\000-\000F\000i\000e\000l\000d\000\040\000A\000p\000p\000r\000o\000x\000i\000m\000a\000t\000i\000o\000n}{section.2.4}% 27
\BOOKMARK [1][-]{section.2.5}{\376\377\000A\000p\000e\000r\000t\000u\000r\000e\000\040\000S\000y\000n\000t\000h\000e\000s\000i\000s\000\040\000I\000m\000a\000g\000i\000n\000g}{chapter.2}% 28
\BOOKMARK [2][-]{subsection.2.5.1}{\376\377\000u\000v\000-\000C\000o\000v\000e\000r\000a\000g\000e\000\040\000a\000n\000d\000\040\000E\000a\000r\000t\000h\000-\000R\000o\000t\000a\000t\000i\000o\000n\000\040\000S\000y\000n\000t\000h\000e\000s\000i\000s}{section.2.5}% 29
\BOOKMARK [2][-]{subsection.2.5.2}{\376\377\000T\000h\000e\000\040\000S\000a\000m\000p\000l\000i\000n\000g\000\040\000F\000u\000n\000c\000t\000i\000o\000n\000\040\000a\000n\000d\000\040\000t\000h\000e\000\040\000C\000o\000n\000v\000o\000l\000u\000t\000i\000o\000n\000\040\000E\000q\000u\000a\000t\000i\000o\000n}{section.2.5}% 30
\BOOKMARK [2][-]{subsection.2.5.3}{\376\377\000P\000r\000o\000p\000e\000r\000t\000i\000e\000s\000\040\000o\000f\000\040\000t\000h\000e\000\040\000D\000i\000r\000t\000y\000\040\000B\000e\000a\000m}{section.2.5}% 31
\BOOKMARK [1][-]{section.2.6}{\376\377\000P\000r\000a\000c\000t\000i\000c\000a\000l\000\040\000E\000r\000r\000o\000r\000\040\000S\000o\000u\000r\000c\000e\000s}{chapter.2}% 32
\BOOKMARK [1][-]{section.2.7}{\376\377\000C\000h\000a\000p\000t\000e\000r\000\040\000C\000o\000n\000c\000l\000u\000s\000i\000o\000n}{chapter.2}% 33
\BOOKMARK [0][-]{chapter.3}{\376\377\000E\000L\000E\000C\000T\000R\000O\000M\000A\000G\000N\000E\000T\000I\000C\000\040\000M\000O\000D\000E\000L\000L\000I\000N\000G\000\040\000O\000F\000\040\000T\000H\000E\000\040\000R\000E\000C\000E\000I\000V\000I\000N\000G\000\040\000E\000L\000E\000M\000E\000N\000T}{}% 34
\BOOKMARK [1][-]{section.3.1}{\376\377\000T\000h\000e\000o\000r\000e\000t\000i\000c\000a\000l\000\040\000B\000a\000c\000k\000g\000r\000o\000u\000n\000d\000\040\000o\000f\000\040\000t\000h\000e\000\040\000Y\000a\000g\000i\040\023\000U\000d\000a\000\040\000A\000n\000t\000e\000n\000n\000a}{chapter.3}% 35
\BOOKMARK [2][-]{subsection.3.1.1}{\376\377\000O\000p\000e\000r\000a\000t\000i\000n\000g\000\040\000P\000r\000i\000n\000c\000i\000p\000l\000e\000\040\000a\000n\000d\000\040\000P\000a\000r\000a\000s\000i\000t\000i\000c\000\040\000E\000x\000c\000i\000t\000a\000t\000i\000o\000n}{section.3.1}% 36
\BOOKMARK [2][-]{subsection.3.1.2}{\376\377\000D\000i\000r\000e\000c\000t\000i\000v\000i\000t\000y\000\040\000B\000u\000i\000l\000d\000-\000U\000p\000\040\000a\000n\000d\000\040\000t\000h\000e\000\040\000G\000a\000i\000n\040\023\000B\000a\000n\000d\000w\000i\000d\000t\000h\000\040\000T\000r\000a\000d\000e\000-\000o\000f\000f}{section.3.1}% 37
\BOOKMARK [2][-]{subsection.3.1.3}{\376\377\000T\000h\000e\000\040\000F\000o\000l\000d\000e\000d\000\040\000D\000i\000p\000o\000l\000e\000\040\000D\000r\000i\000v\000e\000n\000\040\000E\000l\000e\000m\000e\000n\000t}{section.3.1}% 38
\BOOKMARK [2][-]{subsection.3.1.4}{\376\377\000S\000u\000i\000t\000a\000b\000i\000l\000i\000t\000y\000\040\000f\000o\000r\000\040\0006\0001\0000\000\040\000M\000H\000z\000\040\000S\000o\000l\000a\000r\000\040\000O\000b\000s\000e\000r\000v\000a\000t\000i\000o\000n}{section.3.1}% 39
\BOOKMARK [1][-]{section.3.2}{\376\377\000R\000e\000a\000l\000-\000W\000o\000r\000l\000d\000\040\000A\000n\000t\000e\000n\000n\000a\000\040\000a\000n\000d\000\040\000P\000r\000e\000l\000i\000m\000i\000n\000a\000r\000y\000\040\000H\000a\000r\000d\000w\000a\000r\000e\000\040\000S\000e\000t\000u\000p}{chapter.3}% 40
\BOOKMARK [2][-]{subsection.3.2.1}{\376\377\000A\000n\000t\000e\000n\000n\000a\000\040\000S\000p\000e\000c\000i\000f\000i\000c\000a\000t\000i\000o\000n\000\040\000\050\000H\000K\000D\000\040\000G\0001\0001\000K\000D\000-\000T\0002\000\051}{section.3.2}% 41
\BOOKMARK [2][-]{subsection.3.2.2}{\376\377\000P\000r\000e\000l\000i\000m\000i\000n\000a\000r\000y\000\040\000F\000i\000e\000l\000d\000\040\000D\000e\000p\000l\000o\000y\000m\000e\000n\000t\000\040\000a\000t\000\040\000X\000u\000a\000n\000\040\000M\000a\000i}{section.3.2}% 42
\BOOKMARK [2][-]{subsection.3.2.3}{\376\377\000E\000l\000e\000m\000e\000n\000t\000\040\000V\000e\000r\000s\000u\000s\000\040\000S\000y\000s\000t\000e\000m\000:\000\040\000D\000i\000a\000g\000n\000o\000s\000i\000n\000g\000\040\000t\000h\000e\000\040\000F\000i\000e\000l\000d\000\040\000F\000a\000i\000l\000u\000r\000e}{section.3.2}% 43
\BOOKMARK [1][-]{section.3.3}{\376\377\000T\000h\000e\000\040\000R\000a\000t\000i\000o\000n\000a\000l\000e\000\040\000f\000o\000r\000\040\000M\000u\000t\000u\000a\000l\000-\000C\000o\000u\000p\000l\000i\000n\000g\000\040\000A\000n\000a\000l\000y\000s\000i\000s}{chapter.3}% 44
\BOOKMARK [2][-]{subsection.3.3.1}{\376\377\000T\000h\000e\000\040\000I\000n\000d\000e\000p\000e\000n\000d\000e\000n\000t\000-\000S\000e\000n\000s\000o\000r\000\040\000A\000s\000s\000u\000m\000p\000t\000i\000o\000n\000\040\000i\000n\000\040\000A\000p\000e\000r\000t\000u\000r\000e\000\040\000S\000y\000n\000t\000h\000e\000s\000i\000s}{section.3.3}% 45
\BOOKMARK [2][-]{subsection.3.3.2}{\376\377\000W\000h\000y\000\040\000C\000o\000u\000p\000l\000i\000n\000g\000\040\000S\000p\000e\000c\000i\000f\000i\000c\000a\000l\000l\000y\000\040\000C\000o\000r\000r\000u\000p\000t\000s\000\040\000I\000n\000t\000e\000r\000f\000e\000r\000o\000m\000e\000t\000r\000i\000c\000\040\000P\000h\000a\000s\000e}{section.3.3}% 46
\BOOKMARK [1][-]{section.3.4}{\376\377\0004\000N\000E\000C\0002\000\040\000S\000i\000m\000u\000l\000a\000t\000i\000o\000n\000\040\000M\000e\000t\000h\000o\000d\000o\000l\000o\000g\000y\000\040\000a\000n\000d\000\040\000R\000e\000s\000u\000l\000t\000s}{chapter.3}% 47
\BOOKMARK [2][-]{subsection.3.4.1}{\376\377\000T\000h\000e\000\040\000M\000e\000t\000h\000o\000d\000\040\000o\000f\000\040\000M\000o\000m\000e\000n\000t\000s\000\040\000i\000n\000\040\0004\000N\000E\000C\0002}{section.3.4}% 48
\BOOKMARK [2][-]{subsection.3.4.2}{\376\377\000W\000i\000r\000e\000\040\000M\000o\000d\000e\000l\000\040\000C\000o\000n\000s\000t\000r\000u\000c\000t\000i\000o\000n}{section.3.4}% 49
\BOOKMARK [2][-]{subsection.3.4.3}{\376\377\000S\000i\000n\000g\000l\000e\000-\000E\000l\000e\000m\000e\000n\000t\000\040\000R\000e\000s\000u\000l\000t\000s}{section.3.4}% 50
\BOOKMARK [2][-]{subsection.3.4.4}{\376\377\000C\000r\000o\000s\000s\000-\000V\000a\000l\000i\000d\000a\000t\000i\000o\000n\000:\000\040\000M\000e\000a\000s\000u\000r\000e\000m\000e\000n\000t\000,\000\040\000M\000o\000M\000,\000\040\000a\000n\000d\000\040\000F\000E\000M}{section.3.4}% 51
\BOOKMARK [2][-]{subsection.3.4.5}{\376\377\000A\000r\000r\000a\000y\000\040\000L\000a\000y\000o\000u\000t\000\040\000a\000n\000d\000\040\000M\000u\000t\000u\000a\000l\000-\000C\000o\000u\000p\000l\000i\000n\000g\000\040\000E\000x\000t\000r\000a\000c\000t\000i\000o\000n}{section.3.4}% 52
\BOOKMARK [2][-]{subsection.3.4.6}{\376\377\000P\000r\000i\000m\000a\000r\000y\000-\000B\000e\000a\000m\000\040\000E\000x\000t\000r\000a\000c\000t\000i\000o\000n\000\040\000f\000o\000r\000\040\000t\000h\000e\000\040\000I\000m\000a\000g\000i\000n\000g\000\040\000P\000i\000p\000e\000l\000i\000n\000e}{section.3.4}% 53
\BOOKMARK [1][-]{section.3.5}{\376\377\000C\000h\000a\000p\000t\000e\000r\000\040\000C\000o\000n\000c\000l\000u\000s\000i\000o\000n}{chapter.3}% 54
\BOOKMARK [0][-]{chapter.4}{\376\377\000D\000E\000S\000I\000G\000N\000\040\000O\000F\000\040\000T\000H\000E\000\040\000I\000N\000T\000E\000R\000F\000E\000R\000O\000M\000E\000T\000R\000Y\000\040\000S\000I\000M\000U\000L\000A\000T\000I\000O\000N\000\040\000P\000I\000P\000E\000L\000I\000N\000E}{}% 55
\BOOKMARK [1][-]{section.4.1}{\376\377\000S\000y\000s\000t\000e\000m\000\040\000B\000l\000o\000c\000k\000\040\000D\000i\000a\000g\000r\000a\000m\000\040\000a\000n\000d\000\040\000D\000a\000t\000a\000\040\000F\000l\000o\000w}{chapter.4}% 56
\BOOKMARK [1][-]{section.4.2}{\376\377\000S\000o\000l\000a\000r\000\040\000F\000l\000u\000x\000\040\000D\000a\000t\000a\000\040\000A\000c\000q\000u\000i\000s\000i\000t\000i\000o\000n}{chapter.4}% 57
\BOOKMARK [2][-]{subsection.4.2.1}{\376\377\000T\000h\000e\000\040\000S\000W\000S\000\040\000L\000e\000a\000r\000m\000o\000n\000t\000h\000\040\0006\0001\0000\000\040\000M\000H\000z\000\040\000D\000a\000t\000a\000s\000e\000t}{section.4.2}% 58
\BOOKMARK [2][-]{subsection.4.2.2}{\376\377\000P\000r\000e\000p\000r\000o\000c\000e\000s\000s\000i\000n\000g\000\040\000a\000n\000d\000\040\000T\000r\000a\000n\000s\000i\000t\000-\000W\000i\000n\000d\000o\000w\000\040\000I\000d\000e\000n\000t\000i\000f\000i\000c\000a\000t\000i\000o\000n}{section.4.2}% 59
\BOOKMARK [1][-]{section.4.3}{\376\377\000R\000a\000d\000i\000o\000-\000F\000r\000e\000q\000u\000e\000n\000c\000y\000\040\000V\000o\000l\000t\000a\000g\000e\000\040\000S\000y\000n\000t\000h\000e\000s\000i\000s}{chapter.4}% 60
\BOOKMARK [2][-]{subsection.4.3.1}{\376\377\000F\000r\000o\000m\000\040\000F\000l\000u\000x\000\040\000t\000o\000\040\000R\000e\000c\000e\000i\000v\000e\000d\000\040\000P\000o\000w\000e\000r}{section.4.3}% 61
\BOOKMARK [2][-]{subsection.4.3.2}{\376\377\000T\000h\000e\000r\000m\000a\000l\000\040\000N\000o\000i\000s\000e\000\040\000I\000n\000j\000e\000c\000t\000i\000o\000n}{section.4.3}% 62
\BOOKMARK [2][-]{subsection.4.3.3}{\376\377\000C\000o\000m\000p\000l\000e\000x\000\040\000V\000o\000l\000t\000a\000g\000e\000\040\000w\000i\000t\000h\000\040\000P\000e\000r\000-\000A\000n\000t\000e\000n\000n\000a\000\040\000P\000h\000a\000s\000e}{section.4.3}% 63
\BOOKMARK [1][-]{section.4.4}{\376\377\000A\000r\000r\000a\000y\000\040\000G\000e\000o\000m\000e\000t\000r\000y\000\040\000a\000n\000d\000\040\000G\000e\000o\000m\000e\000t\000r\000i\000c\000\040\000D\000e\000l\000a\000y}{chapter.4}% 64
\BOOKMARK [2][-]{subsection.4.4.1}{\376\377\000H\000o\000u\000r\000\040\000A\000n\000g\000l\000e\000\040\000f\000o\000r\000\040\0002\0008\000\040\000A\000p\000r\000i\000l\000\040\0002\0000\0002\0004\000\040\000a\000t\000\040\000L\000e\000a\000r\000m\000o\000n\000t\000h}{section.4.4}% 65
\BOOKMARK [2][-]{subsection.4.4.2}{\376\377\000T\000h\000e\000\040\000E\000N\000U\000\040\000-\000>\000\040\000X\000Y\000Z\000\040\000-\000>\000\040\000\050\000u\000,\000v\000,\000w\000\051\000\040\000T\000r\000a\000n\000s\000f\000o\000r\000m\000a\000t\000i\000o\000n}{section.4.4}% 66
\BOOKMARK [2][-]{subsection.4.4.3}{\376\377\000u\000v\000-\000T\000r\000a\000c\000k\000\040\000O\000v\000e\000r\000\040\000t\000h\000e\000\040\000T\000r\000a\000n\000s\000i\000t}{section.4.4}% 67
\BOOKMARK [1][-]{section.4.5}{\376\377\000T\000h\000e\000\040\000C\000o\000r\000r\000e\000l\000a\000t\000o\000r}{chapter.4}% 68
\BOOKMARK [1][-]{section.4.6}{\376\377\000I\000m\000a\000g\000i\000n\000g\000\040\000a\000n\000d\000\040\000D\000e\000c\000o\000n\000v\000o\000l\000u\000t\000i\000o\000n}{chapter.4}% 69
\BOOKMARK [2][-]{subsection.4.6.1}{\376\377\000V\000e\000c\000t\000o\000r\000i\000s\000e\000d\000\040\000I\000n\000v\000e\000r\000s\000e\000\040\000F\000o\000u\000r\000i\000e\000r\000\040\000T\000r\000a\000n\000s\000f\000o\000r\000m}{section.4.6}% 70
\BOOKMARK [2][-]{subsection.4.6.2}{\376\377\000T\000h\000e\000\040\000D\000i\000r\000t\000y\000\040\000I\000m\000a\000g\000e\000\040\000a\000n\000d\000\040\000D\000i\000r\000t\000y\000\040\000B\000e\000a\000m}{section.4.6}% 71
\BOOKMARK [1][-]{section.4.7}{\376\377\000A\000\040\000N\000o\000t\000e\000\040\000o\000n\000\040\000Q\000u\000a\000n\000t\000i\000s\000a\000t\000i\000o\000n\000\040\000a\000n\000d\000\040\000F\000u\000t\000u\000r\000e\000\040\000H\000a\000r\000d\000w\000a\000r\000e}{chapter.4}% 72
\BOOKMARK [1][-]{section.4.8}{\376\377\000C\000h\000a\000p\000t\000e\000r\000\040\000C\000o\000n\000c\000l\000u\000s\000i\000o\000n}{chapter.4}% 73
\BOOKMARK [0][-]{chapter.5}{\376\377\000S\000I\000M\000U\000L\000A\000T\000I\000O\000N\000\040\000R\000E\000S\000U\000L\000T\000S\000\040\000A\000N\000D\000\040\000A\000N\000A\000L\000Y\000S\000I\000S}{}% 74
\BOOKMARK [1][-]{section.5.1}{\376\377\000F\000r\000i\000n\000g\000e\000-\000P\000a\000t\000t\000e\000r\000n\000\040\000V\000a\000l\000i\000d\000a\000t\000i\000o\000n}{chapter.5}% 75
\BOOKMARK [1][-]{section.5.2}{\376\377\000V\000i\000s\000i\000b\000i\000l\000i\000t\000y\000\040\000o\000f\000\040\000t\000h\000e\000\040\000R\000e\000s\000o\000l\000v\000e\000d\000\040\000S\000o\000l\000a\000r\000\040\000D\000i\000s\000k}{chapter.5}% 76
\BOOKMARK [1][-]{section.5.3}{\376\377\000D\000i\000r\000t\000y\000\040\000I\000m\000a\000g\000e\000\040\000a\000s\000\040\000S\000k\000y\000\040\000C\000o\000n\000v\000o\000l\000v\000e\000d\000\040\000w\000i\000t\000h\000\040\000t\000h\000e\000\040\000P\000S\000F}{chapter.5}% 77
\BOOKMARK [1][-]{section.5.4}{\376\377\000A\000r\000r\000a\000y\000-\000G\000e\000o\000m\000e\000t\000r\000y\000\040\000P\000a\000r\000a\000m\000e\000t\000r\000i\000c\000\040\000S\000t\000u\000d\000y}{chapter.5}% 78
\BOOKMARK [1][-]{section.5.5}{\376\377\000D\000i\000s\000c\000u\000s\000s\000i\000o\000n}{chapter.5}% 79
\BOOKMARK [1][-]{section.5.6}{\376\377\000C\000h\000a\000p\000t\000e\000r\000\040\000C\000o\000n\000c\000l\000u\000s\000i\000o\000n}{chapter.5}% 80
\BOOKMARK [0][-]{chapter*.27}{\376\377\000C\000O\000N\000C\000L\000U\000S\000I\000O\000N\000\040\000A\000N\000D\000\040\000F\000U\000T\000U\000R\000E\000\040\000W\000O\000R\000K}{}% 81
\BOOKMARK [0][-]{chapter*.27}{\376\377\000R\000E\000F\000E\000R\000E\000N\000C\000E\000S}{}% 82
