\BOOKMARK [0][-]{chapter*.1}{\376\377\000A\000C\000K\000N\000O\000W\000L\000E\000D\000G\000M\000E\000N\000T}{}% 1
\BOOKMARK [0][-]{chapter*.2}{\376\377\000A\000B\000S\000T\000R\000A\000C\000T}{}% 2
\BOOKMARK [0][-]{chapter*.7}{\376\377\000L\000I\000S\000T\000\040\000O\000F\000\040\000A\000B\000B\000R\000E\000V\000I\000A\000T\000I\000O\000N\000S}{}% 3
\BOOKMARK [0][-]{chapter.1}{\376\377\000I\000N\000T\000R\000O\000D\000U\000C\000T\000I\000O\000N}{}% 4
\BOOKMARK [1][-]{section.1.1}{\376\377\000B\000a\000c\000k\000g\000r\000o\000u\000n\000d\000\040\000a\000n\000d\000\040\000M\000o\000t\000i\000v\000a\000t\000i\000o\000n}{chapter.1}% 5
\BOOKMARK [1][-]{section.1.2}{\376\377\000P\000r\000o\000b\000l\000e\000m\000\040\000S\000t\000a\000t\000e\000m\000e\000n\000t}{chapter.1}% 6
\BOOKMARK [1][-]{section.1.3}{\376\377\000O\000b\000j\000e\000c\000t\000i\000v\000e\000s}{chapter.1}% 7
\BOOKMARK [1][-]{section.1.4}{\376\377\000C\000o\000n\000t\000r\000i\000b\000u\000t\000i\000o\000n\000s}{chapter.1}% 8
\BOOKMARK [1][-]{section.1.5}{\376\377\000O\000r\000g\000a\000n\000i\000z\000a\000t\000i\000o\000n\000\040\000o\000f\000\040\000t\000h\000e\000\040\000T\000h\000e\000s\000i\000s}{chapter.1}% 9
\BOOKMARK [0][-]{chapter.2}{\376\377\000T\000H\000E\000O\000R\000E\000T\000I\000C\000A\000L\000\040\000B\000A\000C\000K\000G\000R\000O\000U\000N\000D}{}% 10
\BOOKMARK [1][-]{section.2.1}{\376\377\000S\000o\000l\000a\000r\000\040\000R\000a\000d\000i\000o\000\040\000A\000c\000t\000i\000v\000i\000t\000y\000\040\000a\000n\000d\000\040\000O\000b\000s\000e\000r\000v\000a\000t\000i\000o\000n\000\040\000T\000a\000r\000g\000e\000t}{chapter.2}% 11
\BOOKMARK [2][-]{subsection.2.1.1}{\376\377\000S\000o\000l\000a\000r\000\040\000F\000l\000a\000r\000e\000,\000\040\000C\000M\000E\000,\000\040\000G\000e\000o\000m\000a\000g\000n\000e\000t\000i\000c\000\040\000S\000t\000o\000r\000m\000,\000\040\000a\000n\000d\000\040\000S\000o\000l\000a\000r\000\040\000R\000a\000d\000i\000o\000\040\000B\000u\000r\000s\000t}{section.2.1}% 12
\BOOKMARK [2][-]{subsection.2.1.2}{\376\377\000S\000o\000l\000a\000r\000\040\000R\000a\000d\000i\000o\000\040\000B\000u\000r\000s\000t\000\040\000T\000y\000p\000e\000s\000\040\000a\000n\000d\000\040\000O\000b\000s\000e\000r\000v\000i\000n\000g\000\040\000F\000r\000e\000q\000u\000e\000n\000c\000y\000\040\000R\000a\000n\000g\000e\000s}{section.2.1}% 13
\BOOKMARK [2][-]{subsection.2.1.3}{\376\377\000W\000h\000y\000\040\0006\0001\0000\000\040\000M\000H\000z\000,\000\040\000a\000n\000d\000\040\000W\000h\000y\000\040\000t\000h\000e\000\040\000Q\000u\000i\000e\000t\000\040\000S\000u\000n\000\040\000I\000s\000\040\000U\000s\000e\000f\000u\000l\000\040\000f\000o\000r\000\040\000V\000a\000l\000i\000d\000a\000t\000i\000o\000n}{section.2.1}% 14
\BOOKMARK [1][-]{section.2.2}{\376\377\000F\000r\000o\000m\000\040\000S\000o\000l\000a\000r\000\040\000R\000a\000d\000i\000o\000\040\000E\000m\000i\000s\000s\000i\000o\000n\000\040\000t\000o\000\040\000F\000l\000u\000x\000\040\000D\000e\000n\000s\000i\000t\000y}{chapter.2}% 15
\BOOKMARK [2][-]{subsection.2.2.1}{\376\377\000S\000p\000e\000c\000i\000f\000i\000c\000\040\000I\000n\000t\000e\000n\000s\000i\000t\000y\000\040\000a\000n\000d\000\040\000B\000r\000i\000g\000h\000t\000n\000e\000s\000s\000\040\000T\000e\000m\000p\000e\000r\000a\000t\000u\000r\000e}{section.2.2}% 16
\BOOKMARK [2][-]{subsection.2.2.2}{\376\377\000F\000l\000u\000x\000\040\000D\000e\000n\000s\000i\000t\000y\000\040\000a\000n\000d\000\040\000t\000h\000e\000\040\000S\000o\000l\000a\000r\000\040\000F\000l\000u\000x\000\040\000U\000n\000i\000t}{section.2.2}% 17
\BOOKMARK [2][-]{subsection.2.2.3}{\376\377\000F\000r\000o\000m\000\040\000F\000l\000u\000x\000\040\000D\000e\000n\000s\000i\000t\000y\000\040\000t\000o\000\040\000a\000\040\000S\000i\000m\000u\000l\000a\000t\000i\000o\000n\000\040\000I\000n\000p\000u\000t\000\040\000S\003\275\000\050\000t\000\051}{section.2.2}% 18
\BOOKMARK [1][-]{section.2.3}{\376\377\000F\000r\000o\000m\000\040\000S\000o\000l\000a\000r\000\040\000F\000l\000u\000x\000\040\000t\000o\000\040\000R\000e\000c\000e\000i\000v\000e\000d\000\040\000V\000o\000l\000t\000a\000g\000e}{chapter.2}% 19
\BOOKMARK [2][-]{subsection.2.3.1}{\376\377\000A\000n\000t\000e\000n\000n\000a\000\040\000G\000a\000i\000n\000,\000\040\000P\000r\000i\000m\000a\000r\000y\000\040\000B\000e\000a\000m\000,\000\040\000a\000n\000d\000\040\000E\000f\000f\000e\000c\000t\000i\000v\000e\000\040\000A\000p\000e\000r\000t\000u\000r\000e}{section.2.3}% 20
\BOOKMARK [2][-]{subsection.2.3.2}{\376\377\000F\000r\000i\000i\000s\000\040\000R\000e\000c\000e\000p\000t\000i\000o\000n\000\040\000R\000e\000l\000a\000t\000i\000o\000n}{section.2.3}% 21
\BOOKMARK [2][-]{subsection.2.3.3}{\376\377\000V\000o\000l\000t\000a\000g\000e\000\040\000E\000q\000u\000i\000v\000a\000l\000e\000n\000t\000\040\000a\000t\000\040\000t\000h\000e\000\040\000R\000e\000c\000e\000i\000v\000e\000r\000\040\000I\000n\000p\000u\000t}{section.2.3}% 22
\BOOKMARK [1][-]{section.2.4}{\376\377\000R\000e\000c\000e\000i\000v\000e\000r\000\040\000N\000o\000i\000s\000e\000\040\000a\000n\000d\000\040\000A\000v\000e\000r\000a\000g\000i\000n\000g}{chapter.2}% 23
\BOOKMARK [2][-]{subsection.2.4.1}{\376\377\000S\000y\000s\000t\000e\000m\000\040\000T\000e\000m\000p\000e\000r\000a\000t\000u\000r\000e\000\040\000a\000n\000d\000\040\000J\000o\000h\000n\000s\000o\000n\000-\000N\000y\000q\000u\000i\000s\000t\000\040\000N\000o\000i\000s\000e}{section.2.4}% 24
\BOOKMARK [2][-]{subsection.2.4.2}{\376\377\000R\000a\000d\000i\000o\000m\000e\000t\000e\000r\000\040\000E\000q\000u\000a\000t\000i\000o\000n\000,\000\040\000a\000n\000d\000\040\000W\000h\000y\000\040\000A\000v\000e\000r\000a\000g\000i\000n\000g\000\040\000H\000e\000l\000p\000s}{section.2.4}% 25
\BOOKMARK [2][-]{subsection.2.4.3}{\376\377\000S\000i\000g\000n\000a\000l\000-\000t\000o\000-\000N\000o\000i\000s\000e\000\040\000I\000n\000t\000e\000r\000p\000r\000e\000t\000a\000t\000i\000o\000n\000\040\000f\000o\000r\000\040\000t\000h\000e\000\040\000S\000i\000m\000u\000l\000a\000t\000i\000o\000n}{section.2.4}% 26
\BOOKMARK [1][-]{section.2.5}{\376\377\000F\000r\000o\000m\000\040\000A\000n\000t\000e\000n\000n\000a\000\040\000V\000o\000l\000t\000a\000g\000e\000\040\000t\000o\000\040\000I\000n\000t\000e\000r\000f\000e\000r\000o\000m\000e\000t\000r\000i\000c\000\040\000V\000i\000s\000i\000b\000i\000l\000i\000t\000y}{chapter.2}% 27
\BOOKMARK [2][-]{subsection.2.5.1}{\376\377\000G\000e\000o\000m\000e\000t\000r\000i\000c\000\040\000D\000e\000l\000a\000y\000\040\000a\000n\000d\000\040\000P\000h\000a\000s\000e}{section.2.5}% 28
\BOOKMARK [2][-]{subsection.2.5.2}{\376\377\000T\000w\000o\000-\000E\000l\000e\000m\000e\000n\000t\000\040\000C\000o\000r\000r\000e\000l\000a\000t\000i\000o\000n}{section.2.5}% 29
\BOOKMARK [2][-]{subsection.2.5.3}{\376\377\000V\000i\000s\000i\000b\000i\000l\000i\000t\000y\000\040\000A\000m\000p\000l\000i\000t\000u\000d\000e\000\040\000a\000n\000d\000\040\000P\000h\000a\000s\000e}{section.2.5}% 30
\BOOKMARK [1][-]{section.2.6}{\376\377\000F\000r\000o\000m\000\040\000P\000h\000y\000s\000i\000c\000a\000l\000\040\000B\000a\000s\000e\000l\000i\000n\000e\000s\000\040\000t\000o\000\040\000u\000v\000w\000\040\000C\000o\000v\000e\000r\000a\000g\000e}{chapter.2}% 31
\BOOKMARK [2][-]{subsection.2.6.1}{\376\377\000E\000N\000U\000\040\000G\000r\000o\000u\000n\000d\000\040\000C\000o\000o\000r\000d\000i\000n\000a\000t\000e\000s}{section.2.6}% 32
\BOOKMARK [2][-]{subsection.2.6.2}{\376\377\000S\000o\000u\000r\000c\000e\000-\000B\000a\000s\000e\000d\000\040\000u\000v\000w\000\040\000C\000o\000o\000r\000d\000i\000n\000a\000t\000e\000s}{section.2.6}% 33
\BOOKMARK [2][-]{subsection.2.6.3}{\376\377\000E\000a\000r\000t\000h\000\040\000R\000o\000t\000a\000t\000i\000o\000n\000\040\000a\000n\000d\000\040\000u\000v\000-\000C\000o\000v\000e\000r\000a\000g\000e}{section.2.6}% 34
\BOOKMARK [1][-]{section.2.7}{\376\377\000F\000r\000o\000m\000\040\000V\000i\000s\000i\000b\000i\000l\000i\000t\000y\000\040\000t\000o\000\040\000D\000i\000r\000t\000y\000\040\000I\000m\000a\000g\000e}{chapter.2}% 35
\BOOKMARK [2][-]{subsection.2.7.1}{\376\377\000V\000a\000n\000\040\000C\000i\000t\000t\000e\000r\000t\000-\000Z\000e\000r\000n\000i\000k\000e\000\040\000T\000h\000e\000o\000r\000e\000m}{section.2.7}% 36
\BOOKMARK [2][-]{subsection.2.7.2}{\376\377\000D\000i\000r\000e\000c\000t\000\040\000F\000o\000u\000r\000i\000e\000r\000\040\000I\000n\000v\000e\000r\000s\000i\000o\000n}{section.2.7}% 37
\BOOKMARK [2][-]{subsection.2.7.3}{\376\377\000D\000i\000r\000t\000y\000\040\000B\000e\000a\000m\000,\000\040\000P\000S\000F\000,\000\040\000a\000n\000d\000\040\000t\000h\000e\000\040\000C\000o\000n\000v\000o\000l\000u\000t\000i\000o\000n\000\040\000R\000e\000l\000a\000t\000i\000o\000n}{section.2.7}% 38
\BOOKMARK [1][-]{section.2.8}{\376\377\000C\000h\000a\000p\000t\000e\000r\000\040\000S\000u\000m\000m\000a\000r\000y\000:\000\040\000T\000h\000e\000o\000r\000e\000t\000i\000c\000a\000l\000\040\000C\000h\000a\000i\000n\000\040\000U\000s\000e\000d\000\040\000b\000y\000\040\000t\000h\000e\000\040\000S\000i\000m\000u\000l\000a\000t\000i\000o\000n}{chapter.2}% 39
\BOOKMARK [0][-]{chapter.3}{\376\377\000E\000L\000E\000C\000T\000R\000O\000M\000A\000G\000N\000E\000T\000I\000C\000\040\000M\000O\000D\000E\000L\000L\000I\000N\000G\000\040\000O\000F\000\040\000T\000H\000E\000\040\000R\000E\000C\000E\000I\000V\000I\000N\000G\000\040\000E\000L\000E\000M\000E\000N\000T}{}% 40
\BOOKMARK [1][-]{section.3.1}{\376\377\000W\000h\000y\000\040\000t\000h\000e\000\040\000R\000e\000c\000e\000i\000v\000i\000n\000g\000\040\000E\000l\000e\000m\000e\000n\000t\000\040\000M\000u\000s\000t\000\040\000B\000e\000\040\000M\000o\000d\000e\000l\000l\000e\000d}{chapter.3}% 41
\BOOKMARK [1][-]{section.3.2}{\376\377\000Y\000a\000g\000i\000-\000U\000d\000a\000\040\000A\000n\000t\000e\000n\000n\000a\000\040\000a\000s\000\040\000t\000h\000e\000\040\000S\000e\000l\000e\000c\000t\000e\000d\000\040\000L\000o\000w\000-\000C\000o\000s\000t\000\040\000R\000e\000c\000e\000i\000v\000i\000n\000g\000\040\000E\000l\000e\000m\000e\000n\000t}{chapter.3}% 42
\BOOKMARK [2][-]{subsection.3.2.1}{\376\377\000O\000p\000e\000r\000a\000t\000i\000n\000g\000\040\000P\000r\000i\000n\000c\000i\000p\000l\000e\000\040\000a\000n\000d\000\040\000P\000a\000r\000a\000s\000i\000t\000i\000c\000\040\000E\000x\000c\000i\000t\000a\000t\000i\000o\000n}{section.3.2}% 43
\BOOKMARK [2][-]{subsection.3.2.2}{\376\377\000D\000i\000r\000e\000c\000t\000i\000v\000i\000t\000y\000\040\000B\000u\000i\000l\000d\000-\000U\000p\000\040\000a\000n\000d\000\040\000t\000h\000e\000\040\000G\000a\000i\000n\000-\000B\000a\000n\000d\000w\000i\000d\000t\000h\000\040\000T\000r\000a\000d\000e\000-\000o\000f\000f}{section.3.2}% 44
\BOOKMARK [2][-]{subsection.3.2.3}{\376\377\000T\000h\000e\000\040\000S\000e\000l\000e\000c\000t\000e\000d\000\040\000P\000h\000y\000s\000i\000c\000a\000l\000\040\000A\000n\000t\000e\000n\000n\000a\000:\000\040\000H\000K\000D\000\040\000G\0001\0001\000K\000D\000-\000T\0002}{section.3.2}% 45
\BOOKMARK [2][-]{subsection.3.2.4}{\376\377\000S\000u\000i\000t\000a\000b\000i\000l\000i\000t\000y\000\040\000f\000o\000r\000\040\0006\0001\0000\000\040\000M\000H\000z\000\040\000S\000o\000l\000a\000r\000\040\000O\000b\000s\000e\000r\000v\000a\000t\000i\000o\000n}{section.3.2}% 46
\BOOKMARK [1][-]{section.3.3}{\376\377\000I\000m\000p\000e\000d\000a\000n\000c\000e\000,\000\040\000F\000o\000l\000d\000e\000d\000\040\000D\000i\000p\000o\000l\000e\000,\000\040\000a\000n\000d\000\040\0007\0005\000-\000O\000h\000m\000\040\000F\000e\000e\000d\000\040\000M\000a\000t\000c\000h\000i\000n\000g}{chapter.3}% 47
\BOOKMARK [1][-]{section.3.4}{\376\377\000R\000e\000f\000e\000r\000e\000n\000c\000e\000\040\000O\000b\000s\000e\000r\000v\000i\000n\000g\000\040\000S\000y\000s\000t\000e\000m\000:\000\040\000L\000e\000a\000r\000m\000o\000n\000t\000h\000/\000R\000S\000T\000N\000\040\000a\000n\000d\000\040\000t\000h\000e\000\040\000X\000u\000a\000n\000\040\000M\000a\000i\000\040\000F\000i\000e\000l\000d\000\040\000S\000e\000t\000u\000p}{chapter.3}% 48
\BOOKMARK [2][-]{subsection.3.4.1}{\376\377\000T\000h\000e\000\040\000L\000e\000a\000r\000m\000o\000n\000t\000h\000/\000R\000S\000T\000N\000\040\000R\000e\000f\000e\000r\000e\000n\000c\000e\000\040\000S\000y\000s\000t\000e\000m}{section.3.4}% 49
\BOOKMARK [2][-]{subsection.3.4.2}{\376\377\000P\000r\000e\000l\000i\000m\000i\000n\000a\000r\000y\000\040\000F\000i\000e\000l\000d\000\040\000D\000e\000p\000l\000o\000y\000m\000e\000n\000t\000\040\000a\000t\000\040\000X\000u\000a\000n\000\040\000M\000a\000i}{section.3.4}% 50
\BOOKMARK [2][-]{subsection.3.4.3}{\376\377\000E\000l\000e\000m\000e\000n\000t\000\040\000V\000e\000r\000s\000u\000s\000\040\000S\000y\000s\000t\000e\000m\000:\000\040\000D\000i\000a\000g\000n\000o\000s\000i\000n\000g\000\040\000t\000h\000e\000\040\000F\000i\000e\000l\000d\000\040\000F\000a\000i\000l\000u\000r\000e}{section.3.4}% 51
\BOOKMARK [1][-]{section.3.5}{\376\377\0004\000N\000E\000C\0002\000\040\000A\000n\000t\000e\000n\000n\000a\000\040\000S\000i\000m\000u\000l\000a\000t\000i\000o\000n\000\040\000M\000e\000t\000h\000o\000d\000o\000l\000o\000g\000y}{chapter.3}% 52
\BOOKMARK [2][-]{subsection.3.5.1}{\376\377\000T\000h\000e\000\040\000M\000e\000t\000h\000o\000d\000\040\000o\000f\000\040\000M\000o\000m\000e\000n\000t\000s}{section.3.5}% 53
\BOOKMARK [2][-]{subsection.3.5.2}{\376\377\000W\000i\000r\000e\000\040\000M\000o\000d\000e\000l\000\040\000C\000o\000n\000s\000t\000r\000u\000c\000t\000i\000o\000n}{section.3.5}% 54
\BOOKMARK [1][-]{section.3.6}{\376\377\000S\000i\000n\000g\000l\000e\000-\000E\000l\000e\000m\000e\000n\000t\000\040\000V\000a\000l\000i\000d\000a\000t\000i\000o\000n\000:\000\040\000I\000m\000p\000e\000d\000a\000n\000c\000e\000,\000\040\000G\000a\000i\000n\000,\000\040\000B\000e\000a\000m\000w\000i\000d\000t\000h\000,\000\040\000S\000W\000R}{chapter.3}% 55
\BOOKMARK [2][-]{subsection.3.6.1}{\376\377\000C\000r\000o\000s\000s\000-\000V\000a\000l\000i\000d\000a\000t\000i\000o\000n\000:\000\040\000M\000e\000a\000s\000u\000r\000e\000m\000e\000n\000t\000,\000\040\000M\000o\000M\000,\000\040\000a\000n\000d\000\040\000F\000E\000M}{section.3.6}% 56
\BOOKMARK [1][-]{section.3.7}{\376\377\000M\000u\000t\000u\000a\000l\000-\000C\000o\000u\000p\000l\000i\000n\000g\000\040\000A\000n\000a\000l\000y\000s\000i\000s\000\040\000a\000n\000d\000\040\000I\000m\000p\000e\000d\000a\000n\000c\000e\000-\000M\000a\000t\000r\000i\000x\000\040\000I\000n\000t\000e\000r\000p\000r\000e\000t\000a\000t\000i\000o\000n}{chapter.3}% 57
\BOOKMARK [2][-]{subsection.3.7.1}{\376\377\000F\000r\000o\000m\000\040\000a\000\040\000S\000i\000n\000g\000l\000e\000\040\000A\000n\000t\000e\000n\000n\000a\000\040\000t\000o\000\040\000a\000\040\000C\000o\000u\000p\000l\000e\000d\000\040\000P\000a\000i\000r}{section.3.7}% 58
\BOOKMARK [2][-]{subsection.3.7.2}{\376\377\000T\000h\000e\000\040\000I\000n\000d\000e\000p\000e\000n\000d\000e\000n\000t\000-\000S\000e\000n\000s\000o\000r\000\040\000A\000s\000s\000u\000m\000p\000t\000i\000o\000n\000\040\000i\000n\000\040\000A\000p\000e\000r\000t\000u\000r\000e\000\040\000S\000y\000n\000t\000h\000e\000s\000i\000s}{section.3.7}% 59
\BOOKMARK [2][-]{subsection.3.7.3}{\376\377\000W\000h\000y\000\040\000C\000o\000u\000p\000l\000i\000n\000g\000\040\000S\000p\000e\000c\000i\000f\000i\000c\000a\000l\000l\000y\000\040\000C\000o\000r\000r\000u\000p\000t\000s\000\040\000I\000n\000t\000e\000r\000f\000e\000r\000o\000m\000e\000t\000r\000i\000c\000\040\000P\000h\000a\000s\000e}{section.3.7}% 60
\BOOKMARK [2][-]{subsection.3.7.4}{\376\377\000A\000r\000r\000a\000y\000\040\000L\000a\000y\000o\000u\000t\000\040\000a\000n\000d\000\040\000M\000u\000t\000u\000a\000l\000-\000C\000o\000u\000p\000l\000i\000n\000g\000\040\000E\000x\000t\000r\000a\000c\000t\000i\000o\000n}{section.3.7}% 61
\BOOKMARK [1][-]{section.3.8}{\376\377\000P\000r\000i\000m\000a\000r\000y\000-\000B\000e\000a\000m\000\040\000E\000x\000t\000r\000a\000c\000t\000i\000o\000n\000\040\000f\000o\000r\000\040\000C\000h\000a\000p\000t\000e\000r\000\040\0004}{chapter.3}% 62
\BOOKMARK [0][-]{chapter.4}{\376\377\000D\000E\000S\000I\000G\000N\000\040\000O\000F\000\040\000T\000H\000E\000\040\000I\000N\000T\000E\000R\000F\000E\000R\000O\000M\000E\000T\000R\000Y\000\040\000S\000I\000M\000U\000L\000A\000T\000I\000O\000N\000\040\000P\000I\000P\000E\000L\000I\000N\000E}{}% 63
\BOOKMARK [1][-]{section.4.1}{\376\377\000F\000r\000o\000m\000\040\000T\000h\000e\000o\000r\000y\000\040\000t\000o\000\040\000I\000m\000p\000l\000e\000m\000e\000n\000t\000a\000t\000i\000o\000n\000:\000\040\000S\000i\000m\000u\000l\000a\000t\000i\000o\000n\000\040\000C\000h\000a\000i\000n}{chapter.4}% 64
\BOOKMARK [1][-]{section.4.2}{\376\377\000I\000n\000p\000u\000t\000\040\000D\000a\000t\000a\000:\000\040\000L\000e\000a\000r\000m\000o\000n\000t\000h\000\040\0006\0001\0000\000\040\000M\000H\000z\000\040\000F\000l\000u\000x\000\040\000a\000s\000\040\000t\000h\000e\000\040\000E\000x\000t\000e\000r\000n\000a\000l\000\040\000S\000o\000l\000a\000r\000\040\000R\000e\000f\000e\000r\000e\000n\000c\000e}{chapter.4}% 65
\BOOKMARK [2][-]{subsection.4.2.1}{\376\377\000W\000h\000a\000t\000\040\000t\000h\000e\000\040\000L\000e\000a\000r\000m\000o\000n\000t\000h\000\040\000D\000a\000t\000a\000\040\000R\000e\000p\000r\000e\000s\000e\000n\000t\000s}{section.4.2}% 66
\BOOKMARK [2][-]{subsection.4.2.2}{\376\377\000W\000h\000a\000t\000\040\000t\000h\000e\000\040\000L\000e\000a\000r\000m\000o\000n\000t\000h\000\040\000D\000a\000t\000a\000\040\000D\000o\000e\000s\000\040\000N\000o\000t\000\040\000P\000r\000o\000v\000i\000d\000e}{section.4.2}% 67
\BOOKMARK [2][-]{subsection.4.2.3}{\376\377\000P\000r\000e\000p\000r\000o\000c\000e\000s\000s\000i\000n\000g\000\040\000a\000n\000d\000\040\000I\000n\000t\000e\000r\000p\000o\000l\000a\000t\000i\000o\000n\000\040\000o\000n\000t\000o\000\040\000t\000h\000e\000\040\000S\000i\000m\000u\000l\000a\000t\000i\000o\000n\000\040\000G\000r\000i\000d}{section.4.2}% 68
\BOOKMARK [1][-]{section.4.3}{\376\377\000A\000n\000t\000e\000n\000n\000a\000\040\000R\000e\000s\000p\000o\000n\000s\000e\000\040\000I\000m\000p\000o\000r\000t\000e\000d\000\040\000f\000r\000o\000m\000\040\000C\000h\000a\000p\000t\000e\000r\000\040\0003}{chapter.4}% 69
\BOOKMARK [2][-]{subsection.4.3.1}{\376\377\000P\000r\000i\000m\000a\000r\000y\000-\000B\000e\000a\000m\000\040\000F\000i\000l\000e\000\040\000a\000n\000d\000\040\000C\000o\000o\000r\000d\000i\000n\000a\000t\000e\000\040\000C\000o\000n\000v\000e\000n\000t\000i\000o\000n}{section.4.3}% 70
\BOOKMARK [2][-]{subsection.4.3.2}{\376\377\000B\000e\000a\000m\000\040\000W\000e\000i\000g\000h\000t\000i\000n\000g\000\040\000A\000l\000o\000n\000g\000\040\000t\000h\000e\000\040\000S\000o\000l\000a\000r\000\040\000T\000r\000a\000c\000k}{section.4.3}% 71
\BOOKMARK [1][-]{section.4.4}{\376\377\000E\000n\000g\000i\000n\000e\000\040\000A\000:\000\040\000F\000l\000u\000x\000-\000t\000o\000-\000V\000o\000l\000t\000a\000g\000e\000\040\000F\000o\000r\000w\000a\000r\000d\000\040\000M\000o\000d\000e\000l}{chapter.4}% 72
\BOOKMARK [2][-]{subsection.4.4.1}{\376\377\000S\000y\000s\000t\000e\000m\000\040\000P\000a\000r\000a\000m\000e\000t\000e\000r\000s\000\040\000a\000n\000d\000\040\000U\000n\000i\000t\000s}{section.4.4}% 73
\BOOKMARK [2][-]{subsection.4.4.2}{\376\377\000S\000i\000g\000n\000a\000l\000\040\000P\000o\000w\000e\000r\000\040\000f\000r\000o\000m\000\040\000F\000l\000u\000x\000\040\000D\000e\000n\000s\000i\000t\000y}{section.4.4}% 74
\BOOKMARK [2][-]{subsection.4.4.3}{\376\377\000E\000q\000u\000i\000v\000a\000l\000e\000n\000t\000\040\000V\000o\000l\000t\000a\000g\000e\000\040\000S\000y\000n\000t\000h\000e\000s\000i\000s}{section.4.4}% 75
\BOOKMARK [2][-]{subsection.4.4.4}{\376\377\000R\000e\000c\000e\000i\000v\000e\000r\000\040\000N\000o\000i\000s\000e\000\040\000M\000o\000d\000e\000l}{section.4.4}% 76
\BOOKMARK [2][-]{subsection.4.4.5}{\376\377\000C\000o\000m\000p\000l\000e\000x\000\040\000V\000o\000l\000t\000a\000g\000e\000\040\000a\000n\000d\000\040\000G\000e\000o\000m\000e\000t\000r\000i\000c\000\040\000P\000h\000a\000s\000e}{section.4.4}% 77
\BOOKMARK [2][-]{subsection.4.4.6}{\376\377\000C\000l\000o\000c\000k\000\040\000O\000f\000f\000s\000e\000t\000\040\000a\000n\000d\000\040\000Q\000u\000a\000n\000t\000i\000s\000a\000t\000i\000o\000n}{section.4.4}% 78
\BOOKMARK [1][-]{section.4.5}{\376\377\000A\000r\000r\000a\000y\000\040\000G\000e\000o\000m\000e\000t\000r\000y\000\040\000a\000n\000d\000\040\000u\000v\000w\000\040\000S\000a\000m\000p\000l\000i\000n\000g}{chapter.4}% 79
\BOOKMARK [2][-]{subsection.4.5.1}{\376\377\000A\000r\000r\000a\000y\000\040\000C\000o\000n\000f\000i\000g\000u\000r\000a\000t\000i\000o\000n\000\040\000P\000r\000e\000s\000e\000t\000s}{section.4.5}% 80
\BOOKMARK [2][-]{subsection.4.5.2}{\376\377\000G\000e\000o\000g\000r\000a\000p\000h\000i\000c\000\040\000O\000b\000s\000e\000r\000v\000a\000t\000i\000o\000n\000\040\000C\000o\000n\000t\000e\000x\000t}{section.4.5}% 81
\BOOKMARK [2][-]{subsection.4.5.3}{\376\377\000T\000h\000e\000\040\000E\000N\000U\000\040\000-\000>\000\040\000X\000Y\000Z\000\040\000-\000>\000\040\000\050\000u\000,\000v\000,\000w\000\051\000\040\000T\000r\000a\000n\000s\000f\000o\000r\000m\000a\000t\000i\000o\000n}{section.4.5}% 82
\BOOKMARK [2][-]{subsection.4.5.4}{\376\377\000u\000v\000\040\000C\000o\000v\000e\000r\000a\000g\000e}{section.4.5}% 83
\BOOKMARK [1][-]{section.4.6}{\376\377\000C\000o\000r\000r\000e\000l\000a\000t\000o\000r\000\040\000a\000n\000d\000\040\000V\000i\000s\000i\000b\000i\000l\000i\000t\000y\000\040\000F\000o\000r\000m\000a\000t\000i\000o\000n}{chapter.4}% 84
\BOOKMARK [2][-]{subsection.4.6.1}{\376\377\000C\000r\000o\000s\000s\000-\000C\000o\000r\000r\000e\000l\000a\000t\000i\000o\000n\000\040\000a\000n\000d\000\040\000T\000i\000m\000e\000\040\000A\000v\000e\000r\000a\000g\000i\000n\000g}{section.4.6}% 85
\BOOKMARK [2][-]{subsection.4.6.2}{\376\377\000C\000o\000r\000r\000e\000l\000a\000t\000o\000r\000\040\000O\000u\000t\000p\000u\000t\000:\000\040\000A\000m\000p\000l\000i\000t\000u\000d\000e\000\040\000a\000n\000d\000\040\000P\000h\000a\000s\000e}{section.4.6}% 86
\BOOKMARK [1][-]{section.4.7}{\376\377\000I\000m\000a\000g\000i\000n\000g\000:\000\040\000D\000i\000r\000t\000y\000\040\000I\000m\000a\000g\000e\000\040\000a\000n\000d\000\040\000P\000S\000F}{chapter.4}% 87
\BOOKMARK [2][-]{subsection.4.7.1}{\376\377\000V\000e\000c\000t\000o\000r\000i\000s\000e\000d\000\040\000D\000i\000r\000e\000c\000t\000\040\000D\000i\000s\000c\000r\000e\000t\000e\000\040\000F\000o\000u\000r\000i\000e\000r\000\040\000T\000r\000a\000n\000s\000f\000o\000r\000m}{section.4.7}% 88
\BOOKMARK [2][-]{subsection.4.7.2}{\376\377\000T\000h\000e\000\040\000S\000y\000n\000t\000h\000e\000s\000i\000s\000e\000d\000\040\000\050\000D\000i\000r\000t\000y\000\051\000\040\000B\000e\000a\000m}{section.4.7}% 89
\BOOKMARK [2][-]{subsection.4.7.3}{\376\377\000F\000W\000H\000M\000\040\000M\000e\000a\000s\000u\000r\000e\000m\000e\000n\000t}{section.4.7}% 90
\BOOKMARK [1][-]{section.4.8}{\376\377\000E\000v\000a\000l\000u\000a\000t\000i\000o\000n\000\040\000C\000a\000s\000e\000s\000\040\000f\000o\000r\000\040\000C\000h\000a\000p\000t\000e\000r\000\040\0005}{chapter.4}% 91
\BOOKMARK [2][-]{subsection.4.8.1}{\376\377\000C\000a\000s\000e\000\040\0001\000:\000\040\000C\000o\000m\000p\000a\000c\000t\000\040\000E\000a\000s\000t\000-\000W\000e\000s\000t\000\040\000A\000r\000r\000a\000y\000\040\000\050\000F\000i\000e\000l\000d\000\040\000C\000o\000n\000f\000i\000g\000u\000r\000a\000t\000i\000o\000n\000\051}{section.4.8}% 92
\BOOKMARK [2][-]{subsection.4.8.2}{\376\377\000C\000a\000s\000e\000\040\0001\000.\0005\000:\000\040\000F\000o\000u\000r\000-\000A\000n\000t\000e\000n\000n\000a\000\040\000C\000r\000o\000s\000s\000\040\000L\000a\000y\000o\000u\000t\000\040\000\050\0002\000-\000D\000\040\000B\000a\000s\000e\000l\000i\000n\000e\000\040\000C\000o\000v\000e\000r\000a\000g\000e\000\051}{section.4.8}% 93
\BOOKMARK [2][-]{subsection.4.8.3}{\376\377\000C\000a\000s\000e\000\040\0001\000.\0007\0005\000:\000\040\000D\000L\000I\000T\000E\000-\000I\000n\000s\000p\000i\000r\000e\000d\000\040\000T\000r\000i\000a\000n\000g\000l\000e\000-\000P\000l\000u\000s\000-\000C\000e\000n\000t\000r\000e\000\040\000L\000a\000y\000o\000u\000t}{section.4.8}% 94
\BOOKMARK [2][-]{subsection.4.8.4}{\376\377\000C\000a\000s\000e\000\040\0002\000:\000\040\000E\000x\000t\000e\000n\000d\000e\000d\000\040\000T\000w\000o\000-\000D\000i\000m\000e\000n\000s\000i\000o\000n\000a\000l\000\040\000A\000r\000r\000a\000y\000\040\000w\000i\000t\000h\000\040\000F\000o\000r\000w\000a\000r\000d\000\040\000V\000i\000s\000i\000b\000i\000l\000i\000t\000y\000\040\000M\000o\000d\000e\000l}{section.4.8}% 95
\BOOKMARK [2][-]{subsection.4.8.5}{\376\377\000S\000w\000e\000e\000p\000:\000\040\000F\000i\000v\000e\000\040\000A\000r\000r\000a\000y\000\040\000G\000e\000o\000m\000e\000t\000r\000i\000e\000s}{section.4.8}% 96
\BOOKMARK [1][-]{section.4.9}{\376\377\000C\000h\000a\000p\000t\000e\000r\000\040\000S\000u\000m\000m\000a\000r\000y}{chapter.4}% 97
\BOOKMARK [0][-]{chapter.5}{\376\377\000S\000I\000M\000U\000L\000A\000T\000I\000O\000N\000\040\000R\000E\000S\000U\000L\000T\000S\000\040\000A\000N\000D\000\040\000A\000N\000A\000L\000Y\000S\000I\000S}{}% 98
\BOOKMARK [1][-]{section.5.1}{\376\377\000R\000e\000s\000u\000l\000t\000\040\000S\000t\000r\000a\000t\000e\000g\000y\000\040\000a\000n\000d\000\040\000V\000a\000l\000i\000d\000a\000t\000i\000o\000n\000\040\000L\000o\000g\000i\000c}{chapter.5}% 99
\BOOKMARK [1][-]{section.5.2}{\376\377\000G\000e\000o\000m\000e\000t\000r\000y\000\040\000V\000a\000l\000i\000d\000a\000t\000i\000o\000n\000:\000\040\000F\000r\000i\000n\000g\000e\000\040\000P\000a\000t\000t\000e\000r\000n}{chapter.5}% 100
\BOOKMARK [1][-]{section.5.3}{\376\377\000S\000o\000u\000r\000c\000e\000-\000S\000t\000r\000u\000c\000t\000u\000r\000e\000\040\000V\000a\000l\000i\000d\000a\000t\000i\000o\000n\000:\000\040\000T\000h\000e\000\040\000R\000e\000s\000o\000l\000v\000e\000d\000\040\000S\000o\000l\000a\000r\000\040\000D\000i\000s\000k}{chapter.5}% 101
\BOOKMARK [1][-]{section.5.4}{\376\377\000I\000m\000a\000g\000i\000n\000g\000\040\000V\000a\000l\000i\000d\000a\000t\000i\000o\000n\000:\000\040\000D\000i\000r\000t\000y\000\040\000I\000m\000a\000g\000e\000\040\000a\000s\000\040\000S\000k\000y\000\040\000C\000o\000n\000v\000o\000l\000v\000e\000d\000\040\000w\000i\000t\000h\000\040\000t\000h\000e\000\040\000P\000S\000F}{chapter.5}% 102
\BOOKMARK [1][-]{section.5.5}{\376\377\000A\000r\000r\000a\000y\000-\000G\000e\000o\000m\000e\000t\000r\000y\000\040\000D\000e\000s\000i\000g\000n\000\040\000S\000t\000u\000d\000y}{chapter.5}% 103
\BOOKMARK [1][-]{section.5.6}{\376\377\000S\000e\000n\000s\000i\000t\000i\000v\000i\000t\000y\000\040\000a\000n\000d\000\040\000B\000u\000r\000s\000t\000\040\000D\000e\000t\000e\000c\000t\000a\000b\000i\000l\000i\000t\000y}{chapter.5}% 104
\BOOKMARK [2][-]{subsection.5.6.1}{\376\377\000T\000h\000e\000\040\000R\000a\000d\000i\000o\000m\000e\000t\000e\000r\000\040\000E\000q\000u\000a\000t\000i\000o\000n}{section.5.6}% 105
\BOOKMARK [2][-]{subsection.5.6.2}{\376\377\000P\000e\000r\000-\000S\000a\000m\000p\000l\000e\000\040\000S\000i\000g\000n\000a\000l\000-\000t\000o\000-\000N\000o\000i\000s\000e\000\040\000R\000a\000t\000i\000o}{section.5.6}% 106
\BOOKMARK [2][-]{subsection.5.6.3}{\376\377\000T\000h\000e\000\040\000L\000S\000B\000\040\0003\000\040\000C\000r\000i\000t\000e\000r\000i\000o\000n\000\040\000a\000s\000\040\000a\000\040\000Q\000u\000a\000n\000t\000i\000s\000a\000t\000i\000o\000n\000\040\000S\000a\000n\000i\000t\000y\000\040\000C\000h\000e\000c\000k}{section.5.6}% 107
\BOOKMARK [2][-]{subsection.5.6.4}{\376\377\000F\000l\000u\000x\000\040\000L\000e\000v\000e\000l\000s\000\040\000a\000n\000d\000\040\000D\000e\000t\000e\000c\000t\000a\000b\000i\000l\000i\000t\000y\000\040\000o\000f\000\040\000S\000o\000l\000a\000r\000\040\000R\000a\000d\000i\000o\000\040\000E\000v\000e\000n\000t\000s}{section.5.6}% 108
\BOOKMARK [2][-]{subsection.5.6.5}{\376\377\000D\000y\000n\000a\000m\000i\000c\000\040\000R\000a\000n\000g\000e\000\040\000o\000f\000\040\000t\000h\000e\000\040\000D\000i\000r\000t\000y\000\040\000I\000m\000a\000g\000e}{section.5.6}% 109
\BOOKMARK [2][-]{subsection.5.6.6}{\376\377\000I\000n\000t\000e\000r\000f\000e\000r\000o\000m\000e\000t\000r\000i\000c\000\040\000A\000d\000v\000a\000n\000t\000a\000g\000e\000\040\000f\000o\000r\000\040\000B\000u\000r\000s\000t\000\040\000L\000o\000c\000a\000l\000i\000s\000a\000t\000i\000o\000n}{section.5.6}% 110
\BOOKMARK [1][-]{section.5.7}{\376\377\000A\000n\000t\000e\000n\000n\000a\000-\000B\000e\000a\000m\000\040\000F\000i\000d\000e\000l\000i\000t\000y\000\040\000a\000n\000d\000\040\000I\000t\000s\000\040\000E\000f\000f\000e\000c\000t\000\040\000o\000n\000\040\000t\000h\000e\000\040\000T\000r\000a\000n\000s\000i\000t\000\040\000P\000o\000w\000e\000r\000\040\000P\000r\000o\000f\000i\000l\000e}{chapter.5}% 111
\BOOKMARK [1][-]{section.5.8}{\376\377\000C\000o\000m\000p\000a\000r\000i\000s\000o\000n\000\040\000w\000i\000t\000h\000\040\000E\000d\000u\000c\000a\000t\000i\000o\000n\000a\000l\000\040\000S\000i\000m\000u\000l\000a\000t\000o\000r\000s\000:\000\040\000A\000P\000S\000Y\000N\000S\000I\000M}{chapter.5}% 112
\BOOKMARK [2][-]{subsection.5.8.1}{\376\377\000O\000v\000e\000r\000v\000i\000e\000w\000\040\000a\000n\000d\000\040\000F\000e\000a\000t\000u\000r\000e\000\040\000C\000o\000m\000p\000a\000r\000i\000s\000o\000n}{section.5.8}% 113
\BOOKMARK [2][-]{subsection.5.8.2}{\376\377\000N\000o\000i\000s\000e\000\040\000M\000o\000d\000e\000l\000:\000\040\000P\000h\000y\000s\000i\000c\000a\000l\000\040\000D\000e\000r\000i\000v\000a\000t\000i\000o\000n\000\040\000v\000e\000r\000s\000u\000s\000\040\000A\000d\000-\000H\000o\000c\000\040\000S\000c\000a\000l\000i\000n\000g}{section.5.8}% 114
\BOOKMARK [2][-]{subsection.5.8.3}{\376\377\000W\000o\000r\000k\000f\000l\000o\000w\000\040\000a\000n\000d\000\040\000R\000e\000p\000r\000o\000d\000u\000c\000i\000b\000i\000l\000i\000t\000y}{section.5.8}% 115
\BOOKMARK [1][-]{section.5.9}{\376\377\000L\000i\000m\000i\000t\000a\000t\000i\000o\000n\000s\000\040\000o\000f\000\040\000t\000h\000e\000\040\000C\000u\000r\000r\000e\000n\000t\000\040\000I\000m\000p\000l\000e\000m\000e\000n\000t\000a\000t\000i\000o\000n}{chapter.5}% 116
\BOOKMARK [1][-]{section.5.10}{\376\377\000D\000i\000a\000g\000n\000o\000s\000t\000i\000c\000\040\000C\000o\000m\000p\000a\000r\000i\000s\000o\000n\000\040\000w\000i\000t\000h\000\040\000F\000i\000e\000l\000d\000\040\000M\000e\000a\000s\000u\000r\000e\000m\000e\000n\000t}{chapter.5}% 117
\BOOKMARK [2][-]{subsection.5.10.1}{\376\377\000D\000i\000g\000i\000t\000a\000l\000\040\000v\000e\000r\000s\000u\000s\000\040\000A\000n\000a\000l\000o\000g\000u\000e\000\040\000I\000n\000t\000e\000r\000f\000e\000r\000o\000m\000e\000t\000r\000y}{section.5.10}% 118
\BOOKMARK [2][-]{subsection.5.10.2}{\376\377\000A\000v\000e\000r\000a\000g\000e\000\040\000P\000o\000w\000e\000r\000\040\000o\000n\000\040\0002\0000\000\040\000M\000a\000r\000c\000h\000\040\0002\0000\0002\0005}{section.5.10}% 119
\BOOKMARK [2][-]{subsection.5.10.3}{\376\377\000I\000n\000t\000e\000r\000p\000r\000e\000t\000a\000t\000i\000o\000n}{section.5.10}% 120
\BOOKMARK [1][-]{section.5.11}{\376\377\000C\000l\000o\000c\000k\000-\000C\000o\000h\000e\000r\000e\000n\000c\000e\000\040\000R\000e\000q\000u\000i\000r\000e\000m\000e\000n\000t}{chapter.5}% 121
\BOOKMARK [2][-]{subsection.5.11.1}{\376\377\000S\000t\000a\000t\000i\000c\000\040\000O\000f\000f\000s\000e\000t\000:\000\040\000P\000h\000a\000s\000e\000\040\000R\000o\000t\000a\000t\000i\000o\000n\000\040\000W\000i\000t\000h\000o\000u\000t\000\040\000A\000m\000p\000l\000i\000t\000u\000d\000e\000\040\000L\000o\000s\000s}{section.5.11}% 122
\BOOKMARK [2][-]{subsection.5.11.2}{\376\377\000C\000l\000o\000c\000k\000\040\000D\000r\000i\000f\000t\000:\000\040\000F\000r\000i\000n\000g\000e\000\040\000W\000a\000s\000h\000i\000n\000g\000\040\000a\000n\000d\000\040\000t\000h\000e\000\040\000C\000o\000h\000e\000r\000e\000n\000c\000e\000\040\000T\000i\000m\000e}{section.5.11}% 123
\BOOKMARK [2][-]{subsection.5.11.3}{\376\377\000I\000m\000p\000l\000i\000c\000a\000t\000i\000o\000n\000\040\000f\000o\000r\000\040\000t\000h\000e\000\040\000H\000a\000r\000d\000w\000a\000r\000e\000\040\000C\000o\000m\000p\000a\000r\000i\000s\000o\000n}{section.5.11}% 124
\BOOKMARK [1][-]{section.5.12}{\376\377\000C\000h\000a\000p\000t\000e\000r\000\040\000C\000o\000n\000c\000l\000u\000s\000i\000o\000n}{chapter.5}% 125
\BOOKMARK [0][-]{chapter*.67}{\376\377\000C\000O\000N\000C\000L\000U\000S\000I\000O\000N\000\040\000A\000N\000D\000\040\000F\000U\000T\000U\000R\000E\000\040\000W\000O\000R\000K}{}% 126
\BOOKMARK [0][-]{Item.44}{\376\377\000R\000E\000F\000E\000R\000E\000N\000C\000E\000S}{}% 127
\BOOKMARK [0][-]{chapter*.74}{\376\377\000A\000P\000P\000E\000N\000D\000I\000X\000:\000\040\000P\000R\000O\000J\000E\000C\000T\000\040\000R\000E\000P\000O\000S\000I\000T\000O\000R\000Y\000\040\000A\000N\000D\000\040\000S\000I\000M\000U\000L\000A\000T\000I\000O\000N\000\040\000G\000U\000I\000D\000E}{}% 128
\BOOKMARK [1][-]{section.6.1}{\376\377\000R\000e\000p\000o\000s\000i\000t\000o\000r\000y\000\040\000C\000o\000n\000t\000e\000n\000t\000s}{chapter*.74}% 129
\BOOKMARK [1][-]{section.6.2}{\376\377\000Q\000u\000i\000c\000k\000\040\000S\000t\000a\000r\000t\000:\000\040\000B\000r\000o\000w\000s\000e\000r\000\040\000S\000i\000m\000u\000l\000a\000t\000i\000o\000n\000\040\000\050\000N\000o\000\040\000I\000n\000s\000t\000a\000l\000l\000a\000t\000i\000o\000n\000\040\000R\000e\000q\000u\000i\000r\000e\000d\000\051}{chapter*.74}% 130
\BOOKMARK [2][-]{subsection.6.2.1}{\376\377\000I\000n\000t\000e\000r\000f\000a\000c\000e\000\040\000O\000v\000e\000r\000v\000i\000e\000w}{section.6.2}% 131
\BOOKMARK [1][-]{section.6.3}{\376\377\000F\000u\000l\000l\000\040\000P\000i\000p\000e\000l\000i\000n\000e\000:\000\040\000J\000u\000p\000y\000t\000e\000r\000\040\000N\000o\000t\000e\000b\000o\000o\000k}{chapter*.74}% 132
\BOOKMARK [1][-]{section.6.4}{\376\377\000R\000e\000t\000r\000i\000e\000v\000i\000n\000g\000\040\000S\000o\000l\000a\000r\000\040\000D\000e\000c\000l\000i\000n\000a\000t\000i\000o\000n\000\040\000f\000r\000o\000m\000\040\000N\000A\000S\000A\000\040\000J\000P\000L\000\040\000H\000o\000r\000i\000z\000o\000n\000s}{chapter*.74}% 133
