This is pdfTeX, Version 3.141592653-2.6-1.40.29 (TeX Live 2026) (preloaded format=pdflatex 2026.6.16)  3 JUL 2026 21:19
entering extended mode
 restricted \write18 enabled.
 file:line:error style messages enabled.
 %&-line parsing enabled.
**d:/datn/main.tex
(d:/datn/main.tex
LaTeX2e <2026-06-01>
L3 programming layer <2026-05-26>
(e:/texlive/2026/texmf-dist/tex/latex/base/report.cls
Document Class: report 2025/01/22 v1.4n Standard LaTeX document class
(e:/texlive/2026/texmf-dist/tex/latex/base/size12.clo
File: size12.clo 2025/01/22 v1.4n Standard LaTeX file (size option)
)
\c@part=\count276
\c@chapter=\count277
\c@section=\count278
\c@subsection=\count279
\c@subsubsection=\count280
\c@paragraph=\count281
\c@subparagraph=\count282
\c@figure=\count283
\c@table=\count284
\abovecaptionskip=\skip49
\belowcaptionskip=\skip50
\bibindent=\dimen150
) (e:/texlive/2026/texmf-dist/tex/latex/base/fontenc.sty
Package: fontenc 2025/07/18 v2.1d Standard LaTeX package
 (e:/texlive/2026/texmf-dist/tex/latex/vntex/t5enc.def
File: t5enc.def 2006/11/21 v1.4 Vietnamese T5 encoding
Now handling font encoding T5 ...
... processing UTF-8 mapping file for font encoding T5
 (e:/texlive/2026/texmf-dist/tex/latex/vntex/t5enc.dfu
File: t5enc.dfu 2006/08/19 v1.1 UTF8 support for Vietnamese
   defining Unicode char U+00AB (decimal 171)
   defining Unicode char U+00BB (decimal 187)
   defining Unicode char U+00C0 (decimal 192)
   defining Unicode char U+00C1 (decimal 193)
   defining Unicode char U+00C2 (decimal 194)
   defining Unicode char U+00C3 (decimal 195)
   defining Unicode char U+00C8 (decimal 200)
   defining Unicode char U+00C9 (decimal 201)
   defining Unicode char U+00CA (decimal 202)
   defining Unicode char U+00CC (decimal 204)
   defining Unicode char U+00CD (decimal 205)
   defining Unicode char U+00D2 (decimal 210)
   defining Unicode char U+00D3 (decimal 211)
   defining Unicode char U+00D4 (decimal 212)
   defining Unicode char U+00D5 (decimal 213)
   defining Unicode char U+00D9 (decimal 217)
   defining Unicode char U+00DA (decimal 218)
   defining Unicode char U+00DD (decimal 221)
   defining Unicode char U+00E0 (decimal 224)
   defining Unicode char U+00E1 (decimal 225)
   defining Unicode char U+00E2 (decimal 226)
   defining Unicode char U+00E3 (decimal 227)
   defining Unicode char U+00E8 (decimal 232)
   defining Unicode char U+00E9 (decimal 233)
   defining Unicode char U+00EA (decimal 234)
   defining Unicode char U+00EC (decimal 236)
   defining Unicode char U+00ED (decimal 237)
   defining Unicode char U+00F2 (decimal 242)
   defining Unicode char U+00F3 (decimal 243)
   defining Unicode char U+00F4 (decimal 244)
   defining Unicode char U+00F5 (decimal 245)
   defining Unicode char U+00F9 (decimal 249)
   defining Unicode char U+00FA (decimal 250)
   defining Unicode char U+00FD (decimal 253)
   defining Unicode char U+0102 (decimal 258)
   defining Unicode char U+0103 (decimal 259)
   defining Unicode char U+0110 (decimal 272)
   defining Unicode char U+0111 (decimal 273)
   defining Unicode char U+0128 (decimal 296)
   defining Unicode char U+0129 (decimal 297)
   defining Unicode char U+0131 (decimal 305)
   defining Unicode char U+0168 (decimal 360)
   defining Unicode char U+0169 (decimal 361)
   defining Unicode char U+01A0 (decimal 416)
   defining Unicode char U+01A1 (decimal 417)
   defining Unicode char U+01AF (decimal 431)
   defining Unicode char U+01B0 (decimal 432)
   defining Unicode char U+1EA0 (decimal 7840)
   defining Unicode char U+1EA1 (decimal 7841)
   defining Unicode char U+1EA2 (decimal 7842)
   defining Unicode char U+1EA3 (decimal 7843)
   defining Unicode char U+1EA4 (decimal 7844)
   defining Unicode char U+1EA5 (decimal 7845)
   defining Unicode char U+1EA6 (decimal 7846)
   defining Unicode char U+1EA7 (decimal 7847)
   defining Unicode char U+1EA8 (decimal 7848)
   defining Unicode char U+1EA9 (decimal 7849)
   defining Unicode char U+1EAA (decimal 7850)
   defining Unicode char U+1EAB (decimal 7851)
   defining Unicode char U+1EAC (decimal 7852)
   defining Unicode char U+1EAD (decimal 7853)
   defining Unicode char U+1EAE (decimal 7854)
   defining Unicode char U+1EAF (decimal 7855)
   defining Unicode char U+1EB0 (decimal 7856)
   defining Unicode char U+1EB1 (decimal 7857)
   defining Unicode char U+1EB2 (decimal 7858)
   defining Unicode char U+1EB3 (decimal 7859)
   defining Unicode char U+1EB4 (decimal 7860)
   defining Unicode char U+1EB5 (decimal 7861)
   defining Unicode char U+1EB6 (decimal 7862)
   defining Unicode char U+1EB7 (decimal 7863)
   defining Unicode char U+1EB8 (decimal 7864)
   defining Unicode char U+1EB9 (decimal 7865)
   defining Unicode char U+1EBA (decimal 7866)
   defining Unicode char U+1EBB (decimal 7867)
   defining Unicode char U+1EBC (decimal 7868)
   defining Unicode char U+1EBD (decimal 7869)
   defining Unicode char U+1EBE (decimal 7870)
   defining Unicode char U+1EBF (decimal 7871)
   defining Unicode char U+1EC0 (decimal 7872)
   defining Unicode char U+1EC1 (decimal 7873)
   defining Unicode char U+1EC2 (decimal 7874)
   defining Unicode char U+1EC3 (decimal 7875)
   defining Unicode char U+1EC4 (decimal 7876)
   defining Unicode char U+1EC5 (decimal 7877)
   defining Unicode char U+1EC6 (decimal 7878)
   defining Unicode char U+1EC7 (decimal 7879)
   defining Unicode char U+1EC8 (decimal 7880)
   defining Unicode char U+1EC9 (decimal 7881)
   defining Unicode char U+1ECA (decimal 7882)
   defining Unicode char U+1ECB (decimal 7883)
   defining Unicode char U+1ECC (decimal 7884)
   defining Unicode char U+1ECD (decimal 7885)
   defining Unicode char U+1ECE (decimal 7886)
   defining Unicode char U+1ECF (decimal 7887)
   defining Unicode char U+1ED0 (decimal 7888)
   defining Unicode char U+1ED1 (decimal 7889)
   defining Unicode char U+1ED2 (decimal 7890)
   defining Unicode char U+1ED3 (decimal 7891)
   defining Unicode char U+1ED4 (decimal 7892)
   defining Unicode char U+1ED5 (decimal 7893)
   defining Unicode char U+1ED6 (decimal 7894)
   defining Unicode char U+1ED7 (decimal 7895)
   defining Unicode char U+1ED8 (decimal 7896)
   defining Unicode char U+1ED9 (decimal 7897)
   defining Unicode char U+1EDA (decimal 7898)
   defining Unicode char U+1EDB (decimal 7899)
   defining Unicode char U+1EDC (decimal 7900)
   defining Unicode char U+1EDD (decimal 7901)
   defining Unicode char U+1EDE (decimal 7902)
   defining Unicode char U+1EDF (decimal 7903)
   defining Unicode char U+1EE0 (decimal 7904)
   defining Unicode char U+1EE1 (decimal 7905)
   defining Unicode char U+1EE2 (decimal 7906)
   defining Unicode char U+1EE3 (decimal 7907)
   defining Unicode char U+1EE4 (decimal 7908)
   defining Unicode char U+1EE5 (decimal 7909)
   defining Unicode char U+1EE6 (decimal 7910)
   defining Unicode char U+1EE7 (decimal 7911)
   defining Unicode char U+1EE8 (decimal 7912)
   defining Unicode char U+1EE9 (decimal 7913)
   defining Unicode char U+1EEA (decimal 7914)
   defining Unicode char U+1EEB (decimal 7915)
   defining Unicode char U+1EEC (decimal 7916)
   defining Unicode char U+1EED (decimal 7917)
   defining Unicode char U+1EEE (decimal 7918)
   defining Unicode char U+1EEF (decimal 7919)
   defining Unicode char U+1EF0 (decimal 7920)
   defining Unicode char U+1EF1 (decimal 7921)
   defining Unicode char U+1EF2 (decimal 7922)
   defining Unicode char U+1EF3 (decimal 7923)
   defining Unicode char U+1EF4 (decimal 7924)
   defining Unicode char U+1EF5 (decimal 7925)
   defining Unicode char U+1EF6 (decimal 7926)
   defining Unicode char U+1EF7 (decimal 7927)
   defining Unicode char U+1EF8 (decimal 7928)
   defining Unicode char U+1EF9 (decimal 7929)
   defining Unicode char U+200C (decimal 8204)
   defining Unicode char U+2013 (decimal 8211)
   defining Unicode char U+2014 (decimal 8212)
   defining Unicode char U+2018 (decimal 8216)
   defining Unicode char U+2019 (decimal 8217)
   defining Unicode char U+201A (decimal 8218)
   defining Unicode char U+201C (decimal 8220)
   defining Unicode char U+201D (decimal 8221)
   defining Unicode char U+201E (decimal 8222)
   defining Unicode char U+2030 (decimal 8240)
   defining Unicode char U+2031 (decimal 8241)
   defining Unicode char U+2039 (decimal 8249)
   defining Unicode char U+203A (decimal 8250)
   defining Unicode char U+2423 (decimal 9251)
))
LaTeX Font Info:    Trying to load font information for T5+cmr on input line 116.
 (e:/texlive/2026/texmf-dist/tex/latex/vntex/t5cmr.fd
File: t5cmr.fd 1999/05/25 v2.5h Standard LaTeX font definitions
)) (e:/texlive/2026/texmf-dist/tex/latex/base/inputenc.sty
Package: inputenc 2024/02/08 v1.3d Input encoding file
\inpenc@prehook=\toks17
\inpenc@posthook=\toks18
) (e:/texlive/2026/texmf-dist/tex/latex/tex-gyre/tgtermes.sty
Package: tgtermes 2009/09/27 v1.2 TeX Gyre Termes as default roman family
 (e:/texlive/2026/texmf-dist/tex/latex/kvoptions/kvoptions.sty
Package: kvoptions 2022-06-15 v3.15 Key value format for package options (HO)
 (e:/texlive/2026/texmf-dist/tex/latex/graphics/keyval.sty
Package: keyval 2026-05-17 v1.15 key=value parser (DPC)
\KV@toks@=\toks19
) (e:/texlive/2026/texmf-dist/tex/generic/ltxcmds/ltxcmds.sty
Package: ltxcmds 2023-12-04 v1.26 LaTeX kernel commands for general use (HO)
) (e:/texlive/2026/texmf-dist/tex/latex/kvsetkeys/kvsetkeys.sty
Package: kvsetkeys 2022-10-05 v1.19 Key value parser (HO)
))) (e:/texlive/2026/texmf-dist/tex/latex/geometry/geometry.sty
Package: geometry 2026/03/07 v6.0 Page Geometry
 (e:/texlive/2026/texmf-dist/tex/generic/iftex/ifvtex.sty
Package: ifvtex 2019/10/25 v1.7 ifvtex legacy package. Use iftex instead.
 (e:/texlive/2026/texmf-dist/tex/generic/iftex/iftex.sty
Package: iftex 2024/12/12 v1.0g TeX engine tests
))
\Gm@cnth=\count285
\Gm@cntv=\count286
\c@Gm@tempcnt=\count287
\Gm@bindingoffset=\dimen151
\Gm@wd@mp=\dimen152
\Gm@odd@mp=\dimen153
\Gm@even@mp=\dimen154
\Gm@layoutwidth=\dimen155
\Gm@layoutheight=\dimen156
\Gm@layouthoffset=\dimen157
\Gm@layoutvoffset=\dimen158
\Gm@dimlist=\toks20
) (e:/texlive/2026/texmf-dist/tex/latex/amsmath/amsmath.sty
Package: amsmath 2026/05/19 v2.18d AMS math features
\@mathmargin=\skip51

For additional information on amsmath, use the `?' option.
(e:/texlive/2026/texmf-dist/tex/latex/amsmath/amstext.sty
Package: amstext 2024/11/17 v2.01 AMS text
 (e:/texlive/2026/texmf-dist/tex/latex/amsmath/amsgen.sty
File: amsgen.sty 1999/11/30 v2.0 generic functions
\@emptytoks=\toks21
\ex@=\dimen159
)) (e:/texlive/2026/texmf-dist/tex/latex/amsmath/amsbsy.sty
Package: amsbsy 1999/11/29 v1.2d Bold Symbols
\pmbraise@=\dimen160
) (e:/texlive/2026/texmf-dist/tex/latex/amsmath/amsopn.sty
Package: amsopn 2022/04/08 v2.04 operator names
)
\inf@bad=\count288
LaTeX Info: Redefining \frac on input line 233.
\uproot@=\count289
\leftroot@=\count290
LaTeX Info: Redefining \overline on input line 398.
LaTeX Info: Redefining \colon on input line 409.
\classnum@=\count291
\DOTSCASE@=\count292
LaTeX Info: Redefining \ldots on input line 495.
LaTeX Info: Redefining \dots on input line 498.
LaTeX Info: Redefining \cdots on input line 619.
\Mathstrutbox@=\box53
\strutbox@=\box54
LaTeX Info: Redefining \big on input line 721.
LaTeX Info: Redefining \Big on input line 722.
LaTeX Info: Redefining \bigg on input line 723.
LaTeX Info: Redefining \Bigg on input line 724.
\big@size=\dimen161
LaTeX Font Info:    Redeclaring font encoding OML on input line 742.
LaTeX Font Info:    Redeclaring font encoding OMS on input line 743.
\macc@depth=\count293
LaTeX Info: Redefining \bmod on input line 904.
LaTeX Info: Redefining \pmod on input line 909.
LaTeX Info: Redefining \smash on input line 939.
LaTeX Info: Redefining \relbar on input line 969.
LaTeX Info: Redefining \Relbar on input line 970.
\c@MaxMatrixCols=\count294
\dotsspace@=\muskip17
\c@parentequation=\count295
\dspbrk@lvl=\count296
\tag@help=\toks22
\row@=\count297
\column@=\count298
\maxfields@=\count299
\andhelp@=\toks23
\eqnshift@=\dimen162
\alignsep@=\dimen163
\tagshift@=\dimen164
\tagwidth@=\dimen165
\totwidth@=\dimen166
\lineht@=\dimen167
\@envbody=\toks24
\multlinegap=\skip52
\multlinetaggap=\skip53
\mathdisplay@stack=\toks25
LaTeX Info: Redefining \[ on input line 2965.
LaTeX Info: Redefining \] on input line 2966.
) (e:/texlive/2026/texmf-dist/tex/latex/amsfonts/amssymb.sty
Package: amssymb 2013/01/14 v3.01 AMS font symbols
 (e:/texlive/2026/texmf-dist/tex/latex/amsfonts/amsfonts.sty
Package: amsfonts 2013/01/14 v3.01 Basic AMSFonts support
\symAMSa=\mathgroup4
\symAMSb=\mathgroup5
LaTeX Font Info:    Redeclaring math symbol \hbar on input line 98.
LaTeX Font Info:    Overwriting math alphabet `\mathfrak' in version `bold'
(Font)                  U/euf/m/n --> U/euf/b/n on input line 106.
)) (e:/texlive/2026/texmf-dist/tex/latex/tools/bm.sty
Package: bm 2025/10/21 v1.2g Bold Symbol Support (DPC/FMi)
\symboldoperators=\mathgroup6
\symboldletters=\mathgroup7
\symboldsymbols=\mathgroup8
Package bm Info: No bold for \OMX/cmex/m/n, using \pmb.
Package bm Info: No bold for \U/msa/m/n, using \pmb.
Package bm Info: No bold for \U/msb/m/n, using \pmb.
LaTeX Font Info:    Redeclaring math alphabet \mathbf on input line 149.
) (e:/texlive/2026/texmf-dist/tex/latex/siunitx/siunitx.sty
Package: siunitx 2026-05-15 v3.5.5 A comprehensive (SI) units package
\l__siunitx_number_uncert_offset_int=\count300
\l__siunitx_number_exponent_fixed_int=\count301
\l__siunitx_number_min_decimal_int=\count302
\l__siunitx_number_min_integer_int=\count303
\l__siunitx_number_round_precision_int=\count304
\l__siunitx_number_lower_threshold_int=\count305
\l__siunitx_number_upper_threshold_int=\count306
\l__siunitx_number_group_first_int=\count307
\l__siunitx_number_group_size_int=\count308
\l__siunitx_number_group_min_int=\count309
\l__siunitx_number_group_minimum_int=\count310
\l__siunitx_compound_count_int=\count311
 (e:/texlive/2026/texmf-dist/tex/latex/translations/translations.sty
Package: translations 2022/02/05 v1.12 internationalization of LaTeX2e packages (CN)
 (e:/texlive/2026/texmf-dist/tex/latex/etoolbox/etoolbox.sty
Package: etoolbox 2025/10/02 v2.5m e-TeX tools for LaTeX (JAW)
\etb@tempcnta=\count312
) (e:/texlive/2026/texmf-dist/tex/generic/pdftexcmds/pdftexcmds.sty
Package: pdftexcmds 2020-06-27 v0.33 Utility functions of pdfTeX for LuaTeX (HO)
 (e:/texlive/2026/texmf-dist/tex/generic/infwarerr/infwarerr.sty
Package: infwarerr 2019/12/03 v1.5 Providing info/warning/error messages (HO)
)
Package pdftexcmds Info: \pdf@primitive is available.
Package pdftexcmds Info: \pdf@ifprimitive is available.
Package pdftexcmds Info: \pdfdraftmode found.
))
\l__siunitx_table_tmp_box=\box55
\l__siunitx_table_tmp_dim=\dimen168
\l__siunitx_table_column_width_dim=\dimen169
\l__siunitx_table_integer_box=\box56
\l__siunitx_table_decimal_box=\box57
\l__siunitx_table_uncert_box=\box58
\l__siunitx_table_before_box=\box59
\l__siunitx_table_after_box=\box60
\l__siunitx_table_before_dim=\dimen170
\l__siunitx_table_carry_dim=\dimen171
\l__siunitx_unit_tmp_int=\count313
\l__siunitx_unit_position_int=\count314
\l__siunitx_unit_total_int=\count315
\l__siunitx_sexagesimal_tmp_dim=\dimen172
\l__siunitx_sexagesimal_marker_box=\box61
\l__siunitx_sexagesimal_unit_box=\box62
 (e:/texlive/2026/texmf-dist/tex/latex/tools/array.sty
Package: array 2026/02/24 v2.7b Tabular extension package (FMi)
\col@sep=\dimen173
\ar@mcellbox=\box63
\extrarowheight=\dimen174
\NC@list=\toks26
\extratabsurround=\skip54
\backup@length=\skip55
\ar@cellbox=\box64
))

Package siunitx Info: Option "detect-all" has been deprecated in this release.
(siunitx)             
(siunitx)             Use "mode = match, propagate-math-font = true,
(siunitx)             reset-math-version = false, reset-text-family = false,
(siunitx)             reset-text-series = false, reset-text-shape = false,
(siunitx)             text-family-to-math = true, text-series-to-math = true"
(siunitx)             as a replacement.

 (e:/texlive/2026/texmf-dist/tex/latex/graphics/graphicx.sty
Package: graphicx 2026-05-17 v1.2e Enhanced LaTeX Graphics (DPC,SPQR)
 (e:/texlive/2026/texmf-dist/tex/latex/graphics/graphics.sty
Package: graphics 2026-05-17 v1.4h Standard LaTeX Graphics (DPC,SPQR)
 (e:/texlive/2026/texmf-dist/tex/latex/graphics/trig.sty
Package: trig 2023/12/02 v1.11 sin cos tan (DPC)
) (e:/texlive/2026/texmf-dist/tex/latex/graphics-cfg/graphics.cfg
File: graphics.cfg 2016/06/04 v1.11 sample graphics configuration
)
Package graphics Info: Driver file: pdftex.def on input line 106.
 (e:/texlive/2026/texmf-dist/tex/latex/graphics-def/pdftex.def
File: pdftex.def 2025/09/29 v1.2d Graphics/color driver for pdftex
))
\Gin@req@height=\dimen175
\Gin@req@width=\dimen176
) (e:/texlive/2026/texmf-dist/tex/latex/overpic/overpic.sty
Package: overpic 2026/01/06 2.2 picture overlays (RN)
 (e:/texlive/2026/texmf-dist/tex/latex/eepic/epic.sty
Enhancements to Picture Environment. Version 1.2 - Released June 1, 1986
\@@multicnt=\count316
\d@lta=\count317
\@delta=\dimen177
\@@delta=\dimen178
\@gridcnt=\count318
\@joinkind=\count319
\@dotgap=\dimen179
\@ddotgap=\dimen180
\@x@diff=\count320
\@y@diff=\count321
\x@diff=\dimen181
\y@diff=\dimen182
\@dotbox=\box65
\num@segments=\count322
\num@segmentsi=\count323
\@datafile=\read2
)
\OVP@box=\box66
\OVP@totalheight=\dimen183
) (e:/texlive/2026/texmf-dist/tex/latex/float/float.sty
Package: float 2001/11/08 v1.3d Float enhancements (AL)
\c@float@type=\count324
\float@exts=\toks27
\float@box=\box67
\@float@everytoks=\toks28
\@floatcapt=\box68
) (e:/texlive/2026/texmf-dist/tex/latex/booktabs/booktabs.sty
Package: booktabs 2020/01/12 v1.61803398 Publication quality tables
\heavyrulewidth=\dimen184
\lightrulewidth=\dimen185
\cmidrulewidth=\dimen186
\belowrulesep=\dimen187
\belowbottomsep=\dimen188
\aboverulesep=\dimen189
\abovetopsep=\dimen190
\cmidrulesep=\dimen191
\cmidrulekern=\dimen192
\defaultaddspace=\dimen193
\@cmidla=\count325
\@cmidlb=\count326
\@aboverulesep=\dimen194
\@belowrulesep=\dimen195
\@thisruleclass=\count327
\@lastruleclass=\count328
\@thisrulewidth=\dimen196
) (e:/texlive/2026/texmf-dist/tex/latex/tools/tabularx.sty
Package: tabularx 2023/12/11 v2.12a `tabularx' package (DPC)
\TX@col@width=\dimen197
\TX@old@table=\dimen198
\TX@old@col=\dimen199
\TX@target=\dimen256
\TX@delta=\dimen257
\TX@cols=\count329
\TX@ftn=\toks29
) (e:/texlive/2026/texmf-dist/tex/latex/multirow/multirow.sty
Package: multirow 2024/11/12 v2.9 Span multiple rows of a table
\multirow@colwidth=\skip56
\multirow@cntb=\count330
\multirow@dima=\skip57
\bigstrutjot=\dimen258
) (e:/texlive/2026/texmf-dist/tex/latex/tools/longtable.sty
Package: longtable 2026-01-28 v4.27 Multi-page Table package (DPC)
\LTleft=\skip58
\LTright=\skip59
\LTpre=\skip60
\LTpost=\skip61
\LTchunksize=\count331
\LTcapwidth=\dimen259
\LT@head=\box69
\LT@firsthead=\box70
\LT@foot=\box71
\LT@lastfoot=\box72
\LT@gbox=\box73
\LT@cols=\count332
\LT@rows=\count333
\c@LT@tables=\count334
\c@LT@chunks=\count335
\LT@p@ftn=\toks30
) (e:/texlive/2026/texmf-dist/tex/latex/caption/caption.sty
Package: caption 2023/08/05 v3.6o Customizing captions (AR)
 (e:/texlive/2026/texmf-dist/tex/latex/caption/caption3.sty
Package: caption3 2023/07/31 v2.4d caption3 kernel (AR)
\caption@tempdima=\dimen260
\captionmargin=\dimen261
\caption@leftmargin=\dimen262
\caption@rightmargin=\dimen263
\caption@width=\dimen264
\caption@indent=\dimen265
\caption@parindent=\dimen266
\caption@hangindent=\dimen267
Package caption Info: Standard document class detected.
)
\c@caption@flags=\count336
\c@continuedfloat=\count337
Package caption Info: float package is loaded.
Package caption Info: longtable package is loaded.
 (e:/texlive/2026/texmf-dist/tex/latex/caption/ltcaption.sty
Package: ltcaption 2021/01/08 v1.4c longtable captions (AR)
)) (e:/texlive/2026/texmf-dist/tex/latex/caption/subcaption.sty
Package: subcaption 2023/07/28 v1.6b Sub-captions (AR)
Package caption Info: New subtype `subfigure' on input line 238.
\c@subfigure=\count338
Package caption Info: New subtype `subtable' on input line 238.
\c@subtable=\count339
) (e:/texlive/2026/texmf-dist/tex/latex/enumitem/enumitem.sty
Package: enumitem 2025/02/06 v3.11 Customized lists
\labelindent=\skip62
\enit@outerparindent=\dimen268
\enit@toks=\toks31
\enit@inbox=\box74
\enit@count@id=\count340
\enitdp@description=\count341
) (e:/texlive/2026/texmf-dist/tex/latex/xcolor/xcolor.sty
Package: xcolor 2024/09/29 v3.02 LaTeX color extensions (UK)
 (e:/texlive/2026/texmf-dist/tex/latex/graphics-cfg/color.cfg
File: color.cfg 2016/01/02 v1.6 sample color configuration
)
Package xcolor Info: Driver file: pdftex.def on input line 274.
 (e:/texlive/2026/texmf-dist/tex/latex/graphics/mathcolor.ltx)
Package xcolor Info: Model `cmy' substituted by `cmy0' on input line 1349.
Package xcolor Info: Model `hsb' substituted by `rgb' on input line 1353.
Package xcolor Info: Model `RGB' extended on input line 1365.
Package xcolor Info: Model `HTML' substituted by `rgb' on input line 1367.
Package xcolor Info: Model `Hsb' substituted by `hsb' on input line 1368.
Package xcolor Info: Model `tHsb' substituted by `hsb' on input line 1369.
Package xcolor Info: Model `HSB' substituted by `hsb' on input line 1370.
Package xcolor Info: Model `Gray' substituted by `gray' on input line 1371.
Package xcolor Info: Model `wave' substituted by `hsb' on input line 1372.
) (e:/texlive/2026/texmf-dist/tex/latex/colortbl/colortbl.sty
Package: colortbl 2026/05/01 v1.0l Color table columns (DPC)

new hooks used!!
\minrowclearance=\skip63
\rownum=\count342
) (e:/texlive/2026/texmf-dist/tex/latex/setspace/setspace.sty
Package: setspace 2022/12/04 v6.7b set line spacing
)
LaTeX Font Info:    Trying to load font information for T5+qtm on input line 60.
 (e:/texlive/2026/texmf-dist/tex/latex/tex-gyre/t5qtm.fd
File: t5qtm.fd 2009/09/25 v1.2 font definition file for T5/qtm
) (e:/texlive/2026/texmf-dist/tex/latex/microtype/microtype.sty
Package: microtype 2026/03/01 v3.2d Micro-typographical refinements (RS)
\MT@toks=\toks32
\MT@tempbox=\box75
\MT@count=\count343
LaTeX Info: Redefining \noprotrusionifhmode on input line 1084.
LaTeX Info: Redefining \leftprotrusion on input line 1085.
\MT@prot@toks=\toks33
LaTeX Info: Redefining \rightprotrusion on input line 1104.
LaTeX Info: Redefining \textls on input line 1449.
\MT@outer@kern=\dimen269
LaTeX Info: Redefining \microtypecontext on input line 2053.
LaTeX Info: Redefining \textmicrotypecontext on input line 2070.
\MT@listname@count=\count344
 (e:/texlive/2026/texmf-dist/tex/latex/microtype/microtype-pdftex.def
File: microtype-pdftex.def 2026/03/01 v3.2d Definitions specific to pdftex (RS)
LaTeX Info: Redefining \lsstyle on input line 944.
LaTeX Info: Redefining \lslig on input line 944.
\MT@outer@space=\skip64
)
Package microtype Info: Loading configuration file microtype.cfg.
 (e:/texlive/2026/texmf-dist/tex/latex/microtype/microtype.cfg
File: microtype.cfg 2026/03/01 v3.2d microtype main configuration file (RS)
)
LaTeX Info: Redefining \microtypesetup on input line 3065.
) (e:/texlive/2026/texmf-dist/tex/latex/fancyhdr/fancyhdr.sty
Package: fancyhdr 2025/02/07 v5.2 Extensive control of page headers and footers
\f@nch@headwidth=\skip65
\f@nch@offset@elh=\skip66
\f@nch@offset@erh=\skip67
\f@nch@offset@olh=\skip68
\f@nch@offset@orh=\skip69
\f@nch@offset@elf=\skip70
\f@nch@offset@erf=\skip71
\f@nch@offset@olf=\skip72
\f@nch@offset@orf=\skip73
\f@nch@height=\skip74
\f@nch@footalignment=\skip75
\f@nch@widthL=\skip76
\f@nch@widthC=\skip77
\f@nch@widthR=\skip78
\@temptokenb=\toks34
) (e:/texlive/2026/texmf-dist/tex/latex/titlesec/titlesec.sty
Package: titlesec 2025/01/04 v2.17 Sectioning titles
\ttl@box=\box76
\beforetitleunit=\skip79
\aftertitleunit=\skip80
\ttl@plus=\dimen270
\ttl@minus=\dimen271
\ttl@toksa=\toks35
\titlewidth=\dimen272
\titlewidthlast=\dimen273
\titlewidthfirst=\dimen274
) (e:/texlive/2026/texmf-dist/tex/latex/hyperref/hyperref.sty
Package: hyperref 2026-04-24 v7.01q Hypertext links for LaTeX
 (e:/texlive/2026/texmf-dist/tex/generic/kvdefinekeys/kvdefinekeys.sty
Package: kvdefinekeys 2019-12-19 v1.6 Define keys (HO)
) (e:/texlive/2026/texmf-dist/tex/generic/pdfescape/pdfescape.sty
Package: pdfescape 2019/12/09 v1.15 Implements pdfTeX's escape features (HO)
) (e:/texlive/2026/texmf-dist/tex/latex/hycolor/hycolor.sty
Package: hycolor 2020-01-27 v1.10 Color options for hyperref/bookmark (HO)
) (e:/texlive/2026/texmf-dist/tex/latex/hyperref/nameref.sty
Package: nameref 2026-01-29 v2.58 Cross-referencing by name of section
 (e:/texlive/2026/texmf-dist/tex/latex/refcount/refcount.sty
Package: refcount 2019/12/15 v3.6 Data extraction from label references (HO)
) (e:/texlive/2026/texmf-dist/tex/generic/gettitlestring/gettitlestring.sty
Package: gettitlestring 2019/12/15 v1.6 Cleanup title references (HO)
)
\c@section@level=\count345
) (e:/texlive/2026/texmf-dist/tex/generic/stringenc/stringenc.sty
Package: stringenc 2019/11/29 v1.12 Convert strings between diff. encodings (HO)
)
\@linkdim=\dimen275
\Hy@linkcounter=\count346
\Hy@pagecounter=\count347
 (e:/texlive/2026/texmf-dist/tex/latex/hyperref/pd1enc.def
File: pd1enc.def 2026-04-24 v7.01q Hyperref: PDFDocEncoding definition (HO)
Now handling font encoding PD1 ...
... no UTF-8 mapping file for font encoding PD1
) (e:/texlive/2026/texmf-dist/tex/generic/intcalc/intcalc.sty
Package: intcalc 2019/12/15 v1.3 Expandable calculations with integers (HO)
)
\Hy@SavedSpaceFactor=\count348
 (e:/texlive/2026/texmf-dist/tex/latex/hyperref/puenc.def
File: puenc.def 2026-04-24 v7.01q Hyperref: PDF Unicode definition (HO)
Now handling font encoding PU ...
... no UTF-8 mapping file for font encoding PU
)
Package hyperref Info: Hyper figures OFF on input line 4199.
Package hyperref Info: Link nesting OFF on input line 4204.
Package hyperref Info: Hyper index ON on input line 4207.
Package hyperref Info: Plain pages OFF on input line 4214.
Package hyperref Info: Backreferencing OFF on input line 4219.
Package hyperref Info: Implicit mode ON; LaTeX internals redefined.
Package hyperref Info: Bookmarks ON on input line 4466.
\c@Hy@tempcnt=\count349
 (e:/texlive/2026/texmf-dist/tex/latex/url/url.sty
\Urlmuskip=\muskip18
Package: url 2013/09/16  ver 3.4  Verb mode for urls, etc.
)
LaTeX Info: Redefining \url on input line 4805.
\XeTeXLinkMargin=\dimen276
 (e:/texlive/2026/texmf-dist/tex/generic/bitset/bitset.sty
Package: bitset 2019/12/09 v1.3 Handle bit-vector datatype (HO)
 (e:/texlive/2026/texmf-dist/tex/generic/bigintcalc/bigintcalc.sty
Package: bigintcalc 2019/12/15 v1.5 Expandable calculations on big integers (HO)
))
\Fld@menulength=\count350
\Field@Width=\dimen277
\Fld@charsize=\dimen278
Package hyperref Info: Hyper figures OFF on input line 6091.
Package hyperref Info: Link nesting OFF on input line 6096.
Package hyperref Info: Hyper index ON on input line 6099.
Package hyperref Info: backreferencing OFF on input line 6106.
Package hyperref Info: Link coloring OFF on input line 6111.
Package hyperref Info: Link coloring with OCG OFF on input line 6116.
Package hyperref Info: PDF/A mode OFF on input line 6121.
\Hy@abspage=\count351
\c@Item=\count352
\c@Hfootnote=\count353
)
Package hyperref Info: Driver (autodetected): hpdftex.
 (e:/texlive/2026/texmf-dist/tex/latex/hyperref/hpdftex.def
File: hpdftex.def 2026-04-24 v7.01q Hyperref driver for pdfTeX
\Fld@listcount=\count354
\c@bookmark@seq@number=\count355
 (e:/texlive/2026/texmf-dist/tex/latex/rerunfilecheck/rerunfilecheck.sty
Package: rerunfilecheck 2025-06-21 v1.11 Rerun checks for auxiliary files (HO)
 (e:/texlive/2026/texmf-dist/tex/generic/uniquecounter/uniquecounter.sty
Package: uniquecounter 2019/12/15 v1.4 Provide unlimited unique counter (HO)
)
Package uniquecounter Info: New unique counter `rerunfilecheck' on input line 284.
)
\Hy@SectionHShift=\skip81
) (e:/texlive/2026/texmf-dist/tex/latex/natbib/natbib.sty
Package: natbib 2010/09/13 8.31b (PWD, AO)
\bibhang=\skip82
\bibsep=\skip83
LaTeX Info: Redefining \cite on input line 694.
\c@NAT@ctr=\count356
)
Package translations Info: No language package found. I am going to use `english' as default language. on input line 137.
 (e:/texlive/2026/texmf-dist/tex/latex/l3backend/l3backend-pdftex.def
File: l3backend-pdftex.def 2026-02-18 L3 backend support: PDF output (pdfTeX)
\l__color_backend_stack_int=\count357
) (./main.aux)
\openout1 = `main.aux'.

LaTeX Font Info:    Checking defaults for OML/cmm/m/it on input line 137.
LaTeX Font Info:    ... okay on input line 137.
LaTeX Font Info:    Checking defaults for OMS/cmsy/m/n on input line 137.
LaTeX Font Info:    ... okay on input line 137.
LaTeX Font Info:    Checking defaults for OT1/cmr/m/n on input line 137.
LaTeX Font Info:    ... okay on input line 137.
LaTeX Font Info:    Checking defaults for T1/cmr/m/n on input line 137.
LaTeX Font Info:    ... okay on input line 137.
LaTeX Font Info:    Checking defaults for TS1/cmr/m/n on input line 137.
LaTeX Font Info:    ... okay on input line 137.
LaTeX Font Info:    Checking defaults for OMX/cmex/m/n on input line 137.
LaTeX Font Info:    ... okay on input line 137.
LaTeX Font Info:    Checking defaults for U/cmr/m/n on input line 137.
LaTeX Font Info:    ... okay on input line 137.
LaTeX Font Info:    Checking defaults for T5/cmr/m/n on input line 137.
LaTeX Font Info:    ... okay on input line 137.
LaTeX Font Info:    Checking defaults for PD1/pdf/m/n on input line 137.
LaTeX Font Info:    ... okay on input line 137.
LaTeX Font Info:    Checking defaults for PU/pdf/m/n on input line 137.
LaTeX Font Info:    ... okay on input line 137.

*geometry* driver: auto-detecting
*geometry* detected driver: pdftex
*geometry* verbose mode - [ preamble ] result:
* driver: pdftex
* paper: a4paper
* layout: <same size as paper>
* layoutoffset:(h,v)=(0.0pt,0.0pt)
* modes: 
* h-part:(L,W,R)=(85.35826pt, 455.24411pt, 56.9055pt)
* v-part:(T,H,B)=(56.9055pt, 731.23584pt, 56.9055pt)
* \paperwidth=597.50787pt
* \paperheight=845.04684pt
* \textwidth=455.24411pt
* \textheight=731.23584pt
* \oddsidemargin=13.08827pt
* \evensidemargin=13.08827pt
* \topmargin=-52.36449pt
* \headheight=12.0pt
* \headsep=25.0pt
* \topskip=12.0pt
* \footskip=30.0pt
* \marginparwidth=35.0pt
* \marginparsep=10.0pt
* \columnsep=10.0pt
* \skip\footins=10.8pt plus 4.0pt minus 2.0pt
* \hoffset=0.0pt
* \voffset=0.0pt
* \mag=1000
* \@twocolumnfalse
* \@twosidefalse
* \@mparswitchfalse
* \@reversemarginfalse
* (1in=72.27pt=25.4mm, 1cm=28.453pt)

(e:/texlive/2026/texmf-dist/tex/latex/translations/translations-basic-dictionary-english.trsl
File: translations-basic-dictionary-english.trsl (english translation file `translations-basic-dictionary')
)
Package translations Info: loading dictionary `translations-basic-dictionary' for `english'. on input line 137.
 (e:/texlive/2026/texmf-dist/tex/context/base/mkii/supp-pdf.mkii
[Loading MPS to PDF converter (version 2006.09.02).]
\scratchcounter=\count358
\scratchdimen=\dimen279
\scratchbox=\box77
\nofMPsegments=\count359
\nofMParguments=\count360
\everyMPshowfont=\toks36
\MPscratchCnt=\count361
\MPscratchDim=\dimen280
\MPnumerator=\count362
\makeMPintoPDFobject=\count363
\everyMPtoPDFconversion=\toks37
) (e:/texlive/2026/texmf-dist/tex/latex/epstopdf-pkg/epstopdf-base.sty
Package: epstopdf-base 2020-01-24 v2.11 Base part for package epstopdf
 (e:/texlive/2026/texmf-dist/tex/latex/grfext/grfext.sty
Package: grfext 2019/12/03 v1.3 Manage graphics extensions (HO)
)
Package epstopdf-base Info: Redefining graphics rule for `.eps' on input line 485.
Package grfext Info: Graphics extension search list:
(grfext)             [.pdf,.png,.jpg,.mps,.jpeg,.jbig2,.jb2,.PDF,.PNG,.JPG,.JPEG,.JBIG2,.JB2,.eps]
(grfext)             \AppendGraphicsExtensions on input line 504.
 (e:/texlive/2026/texmf-dist/tex/latex/latexconfig/epstopdf-sys.cfg
File: epstopdf-sys.cfg 2010/07/13 v1.3 Configuration of (r)epstopdf for TeX Live
))
Package caption Info: Begin \AtBeginDocument code.
Package caption Info: hyperref package is loaded.
Package caption Info: End \AtBeginDocument code.
LaTeX Info: Redefining \microtypecontext on input line 137.
Package microtype Info: Applying patch `item' on input line 137.
Package microtype Info: Applying patch `toc' on input line 137.
Package microtype Info: Applying patch `eqnum' on input line 137.
Package microtype Info: Applying patch `footnote' on input line 137.
Package microtype Info: Applying patch `verbatim' on input line 137.
LaTeX Info: Redefining \microtypesetup on input line 137.
Package microtype Info: Generating PDF output.
Package microtype Info: Character protrusion enabled (level 2).
Package microtype Info: Using default protrusion set `alltext'.
Package microtype Info: Automatic font expansion enabled (level 2),
(microtype)             stretch: 20, shrink: 20, step: 1, non-selected.
Package microtype Info: Using default expansion set `alltext-nott'.
Package microtype Info: Patching command `\showhyphens'.
Package microtype Info: No adjustment of tracking.
Package microtype Info: No adjustment of interword spacing.
Package microtype Info: No adjustment of character kerning.
 (e:/texlive/2026/texmf-dist/tex/latex/microtype/mt-ptm.cfg
File: mt-ptm.cfg 2006/04/20 v1.7 microtype config. file: Times (RS)
)

Package microtype Warning: I cannot find a protrusion list for font
(microtype)                `T5/qtm/m/n/12'. Switching off
(microtype)                protrusion for this font on input line 137.

Package hyperref Info: Link coloring OFF on input line 137.
(./main.out) (./main.out)
\@outlinefile=\write3
\openout3 = `main.out'.



Package microtype Warning: I cannot find a protrusion list for font
(microtype)                `T5/qtm/m/n/14.4'. Switching off
(microtype)                protrusion for this font on input line 147.


Package microtype Warning: I cannot find a protrusion list for font
(microtype)                `T5/qtm/b/n/14.4'. Switching off
(microtype)                protrusion for this font on input line 147.


Package microtype Warning: I cannot find a protrusion list for font
(microtype)                `T5/qtm/m/n/24.88'. Switching off
(microtype)                protrusion for this font on input line 149.


Package microtype Warning: I cannot find a protrusion list for font
(microtype)                `T5/qtm/b/n/24.88'. Switching off
(microtype)                protrusion for this font on input line 149.

(e:/texlive/2026/texmf-dist/tex/latex/microtype/mt-cmr.cfg
File: mt-cmr.cfg 2013/05/19 v2.2 microtype config. file: Computer Modern Roman (RS)
)
LaTeX Font Info:    Trying to load font information for U+msa on input line 160.
 (e:/texlive/2026/texmf-dist/tex/latex/amsfonts/umsa.fd
File: umsa.fd 2013/01/14 v3.01 AMS symbols A
) (e:/texlive/2026/texmf-dist/tex/latex/microtype/mt-msa.cfg
File: mt-msa.cfg 2006/02/04 v1.1 microtype config. file: AMS symbols (a) (RS)
)
LaTeX Font Info:    Trying to load font information for U+msb on input line 160.
 (e:/texlive/2026/texmf-dist/tex/latex/amsfonts/umsb.fd
File: umsb.fd 2013/01/14 v3.01 AMS symbols B
) (e:/texlive/2026/texmf-dist/tex/latex/microtype/mt-msb.cfg
File: mt-msb.cfg 2005/06/01 v1.0 microtype config. file: AMS symbols (b) (RS)
)

Package microtype Warning: I cannot find a protrusion list for font
(microtype)                `T5/qtm/b/n/12'. Switching off
(microtype)                protrusion for this font on input line 161.

[1

{e:/texlive/2026/texmf-var/fonts/map/pdftex/updmap/pdftex.map}{e:/texlive/2026/texmf-dist/fonts/enc/dvips/tex-gyre/q-t5.enc}] (./chapters/eval_forms.tex

Package microtype Warning: I cannot find a protrusion list for font
(microtype)                `T5/qtm/m/n/10'. Switching off
(microtype)                protrusion for this font on input line 43.


Package microtype Warning: I cannot find a protrusion list for font
(microtype)                `T5/qtm/b/n/10'. Switching off
(microtype)                protrusion for this font on input line 50.


Package microtype Warning: I cannot find a protrusion list for font
(microtype)                `T5/qtm/m/n/8'. Switching off
(microtype)                protrusion for this font on input line 122.


Package microtype Warning: I cannot find a protrusion list for font
(microtype)                `T5/qtm/m/it/8'. Switching off
(microtype)                protrusion for this font on input line 123.


pdfTeX warning (ext4): destination with the same identifier (name{page.i}) has been already used, duplicate ignored
<to be read again> 
                   \relax 
l.125 \clearpage
                 [1]
Overfull \vbox (12.52606pt too high) detected at line 194
 []


Overfull \vbox (12.52606pt too high) detected at line 194
 []

[2

] [3] [4

] [5])

Package microtype Warning: I cannot find a protrusion list for font
(microtype)                `T5/qtm/m/n/17.28'. Switching off
(microtype)                protrusion for this font on input line 182.


Package microtype Warning: I cannot find a protrusion list for font
(microtype)                `T5/qtm/b/n/17.28'. Switching off
(microtype)                protrusion for this font on input line 182.


Package microtype Warning: I cannot find a protrusion list for font
(microtype)                `T5/qtm/m/it/12'. Switching off
(microtype)                protrusion for this font on input line 198.

[6


]
LaTeX Font Info:    Trying to load font information for TS1+qtm on input line 238.
 (e:/texlive/2026/texmf-dist/tex/latex/tex-gyre/ts1qtm.fd
File: ts1qtm.fd 2009/09/25 v1.2 font definition file for TS1/qtm
) [7

{e:/texlive/2026/texmf-dist/fonts/enc/dvips/tex-gyre/q-ts1.enc}] [8] (./main.toc [9

] [10]

Package microtype Warning: I cannot find a protrusion list for font
(microtype)                `T5/qtm/m/sc/12'. Switching off
(microtype)                protrusion for this font on input line 123.

[11{e:/texlive/2026/texmf-dist/fonts/enc/dvips/tex-gyre/q-t5-sc.enc}])
\tf@toc=\write4
\openout4 = `main.toc'.

 [12] (./main.lof
LaTeX Font Info:    Trying to load font information for T5+cmtt on input line 33.
 (e:/texlive/2026/texmf-dist/tex/latex/vntex/t5cmtt.fd
File: t5cmtt.fd 1999/05/25 v2.5h Standard LaTeX font definitions
)

Package microtype Warning: I cannot find a protrusion list for font
(microtype)                `T5/cmtt/m/n/12'. Switching off
(microtype)                protrusion for this font on input line 33.

)
\tf@lof=\write5
\openout5 = `main.lof'.

 [13


] (./main.lot)
\tf@lot=\write6
\openout6 = `main.lot'.

 [14


] (./chapters/abbreviations.tex [15


] [16]) (./chapters/intro.tex
Chapter 1.
[1



] [2] [3] [4] [5]) (./chapters/ch2_theory.tex
Chapter 2.
[6


]

Package microtype Warning: I cannot find a protrusion list for font
(microtype)                `T5/qtm/m/n/10.95'. Switching off
(microtype)                protrusion for this font on input line 97.


Package microtype Warning: I cannot find a protrusion list for font
(microtype)                `T5/qtm/b/n/10.95'. Switching off
(microtype)                protrusion for this font on input line 97.

[7] [8]
<figures/fig_solar_dynamic_spectrum.png, id=1008, 1453.43pt x 1090.0725pt>
File: figures/fig_solar_dynamic_spectrum.png Graphic file (type png)
<use figures/fig_solar_dynamic_spectrum.png>
Package pdftex.def Info: figures/fig_solar_dynamic_spectrum.png  used on input line 164.
(pdftex.def)             Requested size: 455.24411pt x 341.42857pt.
 [9 <./figures/fig_solar_dynamic_spectrum.png (PNG copy)>] [10] [11] [12] [13] [14] [15] [16] [17] [18] [19] [20] [21]) (./chapters/ch3_antenna.tex [22] [23]
Chapter 3.
[24

] [25] [26]
<figures/photo_hkd_antenna.jpg, id=1318, 596.2275pt x 337.26pt>
File: figures/photo_hkd_antenna.jpg Graphic file (type jpg)
<use figures/photo_hkd_antenna.jpg>
Package pdftex.def Info: figures/photo_hkd_antenna.jpg  used on input line 256.
(pdftex.def)             Requested size: 455.24411pt x 257.51416pt.
 [27] [28 <./figures/photo_hkd_antenna.jpg>] [29] [30]
<figures/photo_xuan_mai_field.png, id=1368, 449.2785pt x 266.1945pt>
File: figures/photo_xuan_mai_field.png Graphic file (type png)
<use figures/photo_xuan_mai_field.png>
Package pdftex.def Info: figures/photo_xuan_mai_field.png  used on input line 455.
(pdftex.def)             Requested size: 455.24411pt x 269.74385pt.
 [31]
<figures/photo_receiver_node.png, id=1374, 483.0045pt x 240.9pt>
File: figures/photo_receiver_node.png Graphic file (type png)
<use figures/photo_receiver_node.png>
Package pdftex.def Info: figures/photo_receiver_node.png  used on input line 469.
(pdftex.def)             Requested size: 455.24411pt x 227.05252pt.
 [32 <./figures/photo_xuan_mai_field.png> <./figures/photo_receiver_node.png>] [33] [34]

Package microtype Warning: I cannot find a protrusion list for font
(microtype)                `T5/qtm/m/n/6'. Switching off
(microtype)                protrusion for this font on input line 621.

<figures/fig_4nec2_geometry_table.png, id=1419, 489.027pt x 392.667pt>
File: figures/fig_4nec2_geometry_table.png Graphic file (type png)
<use figures/fig_4nec2_geometry_table.png>
Package pdftex.def Info: figures/fig_4nec2_geometry_table.png  used on input line 638.
(pdftex.def)             Requested size: 455.24411pt x 365.56pt.
[35]
<figures/fig_4nec2_wiremodel.png, id=1431, 419.76825pt x 344.487pt>
File: figures/fig_4nec2_wiremodel.png Graphic file (type png)
<use figures/fig_4nec2_wiremodel.png>
Package pdftex.def Info: figures/fig_4nec2_wiremodel.png  used on input line 658.
(pdftex.def)             Requested size: 455.24411pt x 373.61208pt.


Package microtype Warning: I cannot find a protrusion list for font
(microtype)                `T5/cmtt/m/n/10.95'. Switching off
(microtype)                protrusion for this font on input line 666.

[36 <./figures/fig_4nec2_geometry_table.png>] [37 <./figures/fig_4nec2_wiremodel.png>]
<figures/fig_pattern_eplane.png, id=1455, 284.262pt x 317.38576pt>
File: figures/fig_pattern_eplane.png Graphic file (type png)
<use figures/fig_pattern_eplane.png>
Package pdftex.def Info: figures/fig_pattern_eplane.png  used on input line 743.
(pdftex.def)             Requested size: 455.24411pt x 508.30704pt.
 [38]
<figures/fig_3d_radiation_pattern.png, id=1462, 443.256pt x 407.72325pt>
File: figures/fig_3d_radiation_pattern.png Graphic file (type png)
<use figures/fig_3d_radiation_pattern.png>
Package pdftex.def Info: figures/fig_3d_radiation_pattern.png  used on input line 757.
(pdftex.def)             Requested size: 455.24411pt x 418.75269pt.
 [39 <./figures/fig_pattern_eplane.png>]
<figures/photo_nanovna_setup.png, id=1472, 310.15875pt x 221.02576pt>
File: figures/photo_nanovna_setup.png Graphic file (type png)
<use figures/photo_nanovna_setup.png>
Package pdftex.def Info: figures/photo_nanovna_setup.png  used on input line 784.
(pdftex.def)             Requested size: 455.24411pt x 324.41829pt.
 [40 <./figures/fig_3d_radiation_pattern.png>] [41 <./figures/photo_nanovna_setup.png>] [42] [43]

Package microtype Warning: I cannot find a protrusion list for font
(microtype)                `T5/qtm/b/n/8'. Switching off
(microtype)                protrusion for this font on input line 1001.


Package microtype Warning: I cannot find a protrusion list for font
(microtype)                `T5/qtm/b/n/6'. Switching off
(microtype)                protrusion for this font on input line 1001.

<figures/fig_coupling_curve.png, id=1518, 939.51pt x 361.35pt>
File: figures/fig_coupling_curve.png Graphic file (type png)
<use figures/fig_coupling_curve.png>
Package pdftex.def Info: figures/fig_coupling_curve.png  used on input line 1026.
(pdftex.def)             Requested size: 455.24411pt x 175.09464pt.
[44] [45 <./figures/fig_coupling_curve.png>] [46]) (./chapters/ch4_pipeline.tex
Chapter 4.

Overfull \hbox (355.07898pt too wide) detected at line 47
[] \OMS/cmsy/m/n/12 ! [] ! [] ! [] ! [] ! [] ! [] ! [] ! [] ! []\OML/cmm/m/it/12 :
 []

[47


]
<figures/fig_pipeline_block.png, id=1645, 721.9773pt x 697.04414pt>
File: figures/fig_pipeline_block.png Graphic file (type png)
<use figures/fig_pipeline_block.png>
Package pdftex.def Info: figures/fig_pipeline_block.png  used on input line 100.
(pdftex.def)             Requested size: 455.24411pt x 439.52304pt.
 [48] [49 <./figures/fig_pipeline_block.png>] [50]
<figures/fig_sws_flux_day.png, id=1672, 643.203pt x 245.2362pt>
File: figures/fig_sws_flux_day.png Graphic file (type png)
<use figures/fig_sws_flux_day.png>
Package pdftex.def Info: figures/fig_sws_flux_day.png  used on input line 213.
(pdftex.def)             Requested size: 455.24411pt x 173.57259pt.
 [51 <./figures/fig_sws_flux_day.png>] [52] [53] [54] [55] [56]
<figures/fig_voltage_env.png, id=1796, 643.203pt x 245.2362pt>
File: figures/fig_voltage_env.png Graphic file (type png)
<use figures/fig_voltage_env.png>
Package pdftex.def Info: figures/fig_voltage_env.png  used on input line 571.
(pdftex.def)             Requested size: 455.24411pt x 173.57259pt.
 [57 <./figures/fig_voltage_env.png>] [58]
<figures/fig_globe_track.png, id=1819, 566.71725pt x 401.70074pt>
File: figures/fig_globe_track.png Graphic file (type png)
<use figures/fig_globe_track.png>
Package pdftex.def Info: figures/fig_globe_track.png  used on input line 688.
(pdftex.def)             Requested size: 455.24411pt x 322.69724pt.


Package microtype Warning: I cannot find a protrusion list for font
(microtype)                `T5/qtm/m/it/10.95'. Switching off
(microtype)                protrusion for this font on input line 705.

[59 <./figures/fig_globe_track.png>]
<figures/fig_uv_coverage.png, id=1833, 607.068pt x 281.853pt>
File: figures/fig_uv_coverage.png Graphic file (type png)
<use figures/fig_uv_coverage.png>
Package pdftex.def Info: figures/fig_uv_coverage.png  used on input line 761.
(pdftex.def)             Requested size: 455.24411pt x 211.36342pt.
 [60] [61 <./figures/fig_uv_coverage.png>] [62]
<figures/fig_sky_conv_psf.png, id=1872, 963.1182pt x 314.6154pt>
File: figures/fig_sky_conv_psf.png Graphic file (type png)
<use figures/fig_sky_conv_psf.png>
Package pdftex.def Info: figures/fig_sky_conv_psf.png  used on input line 896.
(pdftex.def)             Requested size: 455.24411pt x 148.71416pt.
 [63 <./figures/fig_sky_conv_psf.png>]
<figures/fig_dirty_beam.png, id=1884, 388.8126pt x 331.9602pt>
File: figures/fig_dirty_beam.png Graphic file (type png)
<use figures/fig_dirty_beam.png>
Package pdftex.def Info: figures/fig_dirty_beam.png  used on input line 935.
(pdftex.def)             Requested size: 218.51521pt x 186.57011pt.
<figures/fig_dirty_image.png, id=1885, 387.3672pt x 334.3692pt>
File: figures/fig_dirty_image.png Graphic file (type png)
<use figures/fig_dirty_image.png>
Package pdftex.def Info: figures/fig_dirty_image.png  used on input line 939.
(pdftex.def)             Requested size: 218.51521pt x 188.61792pt.


Package microtype Warning: I cannot find a protrusion list for font
(microtype)                `T5/cmtt/m/it/10.95'. Switching off
(microtype)                protrusion for this font on input line 955.

[64 <./figures/fig_dirty_beam.png> <./figures/fig_dirty_image.png>] [65]
<figures/fig_dirty_from_dft.png, id=1908, 669.702pt x 608.9952pt>
File: figures/fig_dirty_from_dft.png Graphic file (type png)
<use figures/fig_dirty_from_dft.png>
Package pdftex.def Info: figures/fig_dirty_from_dft.png  used on input line 1069.
(pdftex.def)             Requested size: 455.24411pt x 413.98116pt.
 [66] [67 <./figures/fig_dirty_from_dft.png>]
<figures/fig_case175_geometry.png, id=1924, 737.6358pt x 326.1786pt>
File: figures/fig_case175_geometry.png Graphic file (type png)
<use figures/fig_case175_geometry.png>
Package pdftex.def Info: figures/fig_case175_geometry.png  used on input line 1117.
(pdftex.def)             Requested size: 418.82375pt x 185.20204pt.
<figures/fig_case175_eval.png, id=1928, 705.837pt x 608.9952pt>
File: figures/fig_case175_eval.png Graphic file (type png)
<use figures/fig_case175_eval.png>
Package pdftex.def Info: figures/fig_case175_eval.png  used on input line 1145.
(pdftex.def)             Requested size: 455.24411pt x 392.79425pt.
 [68 <./figures/fig_case175_geometry.png>] [69 <./figures/fig_case175_eval.png>]
<figures/fig_visibility_jinc.png, id=1946, 534.798pt x 281.853pt>
File: figures/fig_visibility_jinc.png Graphic file (type png)
<use figures/fig_visibility_jinc.png>
Package pdftex.def Info: figures/fig_visibility_jinc.png  used on input line 1209.
(pdftex.def)             Requested size: 455.24411pt x 239.92883pt.
 [70 <./figures/fig_visibility_jinc.png>]
<figures/fig_case2_image.png, id=1954, 388.3308pt x 353.6412pt>
File: figures/fig_case2_image.png Graphic file (type png)
<use figures/fig_case2_image.png>
Package pdftex.def Info: figures/fig_case2_image.png  used on input line 1232.
(pdftex.def)             Requested size: 455.24411pt x 414.59492pt.
 [71 <./figures/fig_case2_image.png>]
<figures/fig_layout_sweep.png, id=1960, 1084.05pt x 607.068pt>
File: figures/fig_layout_sweep.png Graphic file (type png)
<use figures/fig_layout_sweep.png>
Package pdftex.def Info: figures/fig_layout_sweep.png  used on input line 1293.
(pdftex.def)             Requested size: 455.24411pt x 254.93903pt.
 [72] [73 <./figures/fig_layout_sweep.png>] [74] [75]) (./chapters/ch5_results.tex
Chapter 5.

Underfull \hbox (badness 10000) in paragraph at lines 76--76
[]|\T5/qtm/b/n/12 (+20) What it es-tab-
 []


Underfull \hbox (badness 10000) in paragraph at lines 76--76
\T5/qtm/m/n/12 (+20) angle ge-om-e-try
 []


Underfull \hbox (badness 10000) in paragraph at lines 76--76
\T5/qtm/m/n/12 (+20) are im-ple-mented
 []


Underfull \hbox (badness 2538) in paragraph at lines 76--76
[]|$[]$ \T5/qtm/m/n/12 (+20) vis-i-bil-ity de-
 []


Underfull \hbox (badness 10000) in paragraph at lines 76--76
\T5/qtm/m/n/12 (+20) dy-namic range
 []


Underfull \hbox (badness 10000) in paragraph at lines 76--76
[]|\T5/qtm/m/n/12 (+20) Which lay-out is
 []


Underfull \hbox (badness 10000) in paragraph at lines 76--76
\T5/qtm/m/n/12 (+20) prefer-able for a
 []


Underfull \hbox (badness 10000) in paragraph at lines 76--76
[]|\T5/qtm/m/n/12 (+20) Minimum de-
 []


Underfull \hbox (badness 4403) in paragraph at lines 76--76
\T5/qtm/m/n/12 (+20) tectable flux and
 []


Underfull \hbox (badness 10000) in paragraph at lines 76--76
\T5/qtm/m/n/12 (+20) burst SNR, Sec-
 []


Underfull \hbox (badness 10000) in paragraph at lines 76--76
[]|\T5/qtm/m/n/12 (+20) Quiet Sun and
 []


Underfull \hbox (badness 10000) in paragraph at lines 76--76
\T5/qtm/m/n/12 (+20) bursts are de-
 []


Underfull \hbox (badness 10000) in paragraph at lines 76--76
\T5/qtm/m/n/12 (+20) model's as-sump-
 []


Underfull \hbox (badness 10000) in paragraph at lines 76--76
[]|\T5/qtm/m/n/12 (+20) Gaussian ver-sus
 []


Underfull \hbox (badness 10000) in paragraph at lines 76--76
\T5/qtm/m/n/12 (+20) 4NEC2 tran-sit
 []


Underfull \hbox (badness 5119) in paragraph at lines 76--76
[]|\T5/qtm/m/n/12 (+20) The real an-tenna
 []


Underfull \hbox (badness 10000) in paragraph at lines 76--76
\T5/qtm/m/n/12 (+20) beam ma-te-ri-ally
 []


Underfull \hbox (badness 10000) in paragraph at lines 76--76
\T5/qtm/m/n/12 (+20) changes cal-i-
 []


Underfull \hbox (badness 10000) in paragraph at lines 76--76
\T5/qtm/m/n/12 (+20) bra-tion, not just
 []


Underfull \hbox (badness 10000) in paragraph at lines 76--76
[]|\T5/qtm/m/n/12 (+20) Solar-excess
 []


Underfull \hbox (badness 10000) in paragraph at lines 76--76
\T5/qtm/m/n/12 (+20) com-par-i-son with
 []


Underfull \hbox (badness 10000) in paragraph at lines 76--76
[]|\T5/qtm/m/n/12 (+20) Where the gap
 []


Underfull \hbox (badness 10000) in paragraph at lines 76--76
[]|\T5/qtm/m/n/12 (+20) Phase-error and
 []


Underfull \hbox (badness 10000) in paragraph at lines 76--76
\T5/qtm/m/n/12 (+20) coherence-loss
 []


Underfull \hbox (badness 10000) in paragraph at lines 76--76
[]|\T5/qtm/m/n/12 (+20) Why un-syn-chro-
 []


Underfull \hbox (badness 10000) in paragraph at lines 76--76
\T5/qtm/m/n/12 (+20) re-cover a sta-ble
 []

[76


] [77]
<figures/fig_fringe_pattern.png, id=2055, 562.7424pt x 362.7954pt>
File: figures/fig_fringe_pattern.png Graphic file (type png)
<use figures/fig_fringe_pattern.png>
Package pdftex.def Info: figures/fig_fringe_pattern.png  used on input line 102.
(pdftex.def)             Requested size: 455.24411pt x 293.50284pt.
 [78 <./figures/fig_fringe_pattern.png>]
File: figures/fig_visibility_jinc.png Graphic file (type png)
<use figures/fig_visibility_jinc.png>
Package pdftex.def Info: figures/fig_visibility_jinc.png  used on input line 129.
(pdftex.def)             Requested size: 455.24411pt x 239.92883pt.
File: figures/fig_dirty_from_dft.png Graphic file (type png)
<use figures/fig_dirty_from_dft.png>
Package pdftex.def Info: figures/fig_dirty_from_dft.png  used on input line 156.
(pdftex.def)             Requested size: 218.51521pt x 198.71095pt.
File: figures/fig_sky_conv_psf.png Graphic file (type png)
<use figures/fig_sky_conv_psf.png>
Package pdftex.def Info: figures/fig_sky_conv_psf.png  used on input line 160.
(pdftex.def)             Requested size: 218.51521pt x 71.38068pt.
 [79] [80]
File: figures/fig_layout_sweep.png Graphic file (type png)
<use figures/fig_layout_sweep.png>
Package pdftex.def Info: figures/fig_layout_sweep.png  used on input line 229.
(pdftex.def)             Requested size: 455.24411pt x 254.93903pt.
 [81] [82] [83]

Package hyperref Warning: Token not allowed in a PDF string (Unicode):
(hyperref)                removing `math shift' on input line 386.


Package hyperref Warning: Token not allowed in a PDF string (Unicode):
(hyperref)                removing `\geq' on input line 386.


Package hyperref Warning: Token not allowed in a PDF string (Unicode):
(hyperref)                removing `math shift' on input line 386.

[84] [85] [86]

Package microtype Warning: I cannot find a protrusion list for font
(microtype)                `T5/qtm/b/sc/14.4'. Switching off
(microtype)                protrusion for this font on input line 584.

[87]

Package microtype Warning: I cannot find a protrusion list for font
(microtype)                `T5/qtm/m/sc/10.95'. Switching off
(microtype)                protrusion for this font on input line 621.


Underfull \hbox (badness 1584) in paragraph at lines 666--666
\T5/qtm/m/n/12 (+20) able; head-less ex-e-cu-tion sup-
 []


Underfull \hbox (badness 10000) in paragraph at lines 666--666
[]|\T5/qtm/m/n/12 (+20) Rayleigh-criterion Gaus-sian
 []


Underfull \hbox (badness 10000) in paragraph at lines 666--666
[]|\T5/qtm/m/n/12 (+20) Real 4NEC2 Yagi pat-
 []


Underfull \hbox (badness 10000) in paragraph at lines 666--666
\T5/qtm/m/n/12 (+20) tern from \T5/cmtt/m/n/12 .npz\T5/qtm/m/n/12 (+20) ; bi-lin-ear
 []


Underfull \hbox (badness 3884) in paragraph at lines 666--666
[]|\T5/qtm/m/n/12 (+20) Empirical Gaus-sian: $\OML/cmm/m/it/12 ^^[[] \OMS/cmsy/m/n/12 /
 []


Underfull \hbox (badness 1430) in paragraph at lines 666--666
\OML/cmm/m/it/12 k[]T[]\OT1/cmr/m/n/12 ^^A\OML/cmm/m/it/12 ^^W$\T5/qtm/m/n/12 (+20) ; ther-mo-dy-nam-i-cally
 []


Underfull \hbox (badness 10000) in paragraph at lines 666--666
[]|\T5/qtm/m/n/12 (+20) Full Friis chain: $\OML/cmm/m/it/12 P[] \OT1/cmr/m/n/12 =
 []


Underfull \hbox (badness 10000) in paragraph at lines 666--666
[]|\T5/qtm/m/n/12 (+20) Synthetic sky mod-els only
 []


Underfull \hbox (badness 10000) in paragraph at lines 666--666
[]|\T5/qtm/m/n/12 (+20) Explicit ENU $\OMS/cmsy/m/n/12 !$ \T5/qtm/m/n/12 (+20) XYZ $\OMS/cmsy/m/n/12 !$
 []


Underfull \hbox (badness 10000) in paragraph at lines 666--666
[]|\T5/qtm/m/n/12 (+20) Cross-validated vs 2-element
 []


Underfull \hbox (badness 10000) in paragraph at lines 666--666
[]|\T5/qtm/m/n/12 (+20) H[]ogbom \T5/qtm/m/sc/12 (+20) clean \T5/qtm/m/n/12 (+20) (in-ter-ac-tive
 []

[88] [89]
Underfull \hbox (badness 3601) in paragraph at lines 745--745
[]|\T5/qtm/m/n/12 (+20) Click an-tenna po-si-tions on
 []


Underfull \hbox (badness 10000) in paragraph at lines 745--745
[]|\T5/qtm/m/n/12 (+20) Automatic: \T5/cmtt/m/n/12 sws.load_
 []


Underfull \hbox (badness 4217) in paragraph at lines 745--745
\T5/cmtt/m/n/12 day(NGAY) \T5/qtm/m/n/12 (+20) reads real flux
 []

[90] [91] [92] [93] [94] [95] [96] [97] [98]) (./chapters/conclusion.tex [99


] [100] [101] [102] [103]) (./main.bbl
Underfull \hbox (badness 6978) in paragraph at lines 9--16
[]\T5/qtm/m/n/12 (+20) NASA and NOAA.  NASA, NOAA: Sun reaches max-i-mum phase in 11-
 []


Underfull \hbox (badness 1590) in paragraph at lines 9--16
\T5/qtm/m/n/12 (+20) year so-lar cy-cle.  Joint an-nounce-ment, NASA Sci-ence / NOAA Space Weather
 []


Underfull \hbox (badness 5331) in paragraph at lines 92--101
[]\T5/qtm/m/n/12 (+20) Reeve Ob-ser-va-tory.  LWA ac-tive crossed-dipole an-tenna: Com-po-nent or-der-
 []


Underfull \hbox (badness 6592) in paragraph at lines 92--101
\T5/qtm/m/n/12 (+20) ing in-for-ma-tion and pric-ing.  []$\T5/cmtt/m/n/12 https : / / reeve . com / RadioScience / Antennas /
 []

[104



]
Underfull \hbox (badness 10000) in paragraph at lines 178--188
[]\T5/qtm/m/n/12 (+20) Air Force Re-search Lab-o-ra-tory / NOAA Na-tional Cen-ters for En-vi-ron-men-
 []


Underfull \hbox (badness 4713) in paragraph at lines 178--188
\T5/qtm/m/n/12 (+20) tal In-for-ma-tion.  RSTN (ra-dio so-lar tele-scope net-work) overview.  []$\T5/cmtt/m/n/12 https :
 []


Underfull \hbox (badness 10000) in paragraph at lines 178--188
\T5/cmtt/m/n/12 / / www . ngdc . noaa . gov / stp / space-[]weather / solar-[]data / solar-[]features /
 []


Underfull \hbox (badness 2564) in paragraph at lines 178--188
\T5/cmtt/m/n/12 solar-[]radio / rstn-[]1-[]second / docs / rstn-[]overview . pdf$[]\T5/qtm/m/n/12 (+20) .  De-scribes the Ra-dio
 []

[105]) (./chapters/appendix_github.tex [106]

Package microtype Warning: I cannot find a protrusion list for font
(microtype)                `T5/cmtt/m/n/14.4'. Switching off
(microtype)                protrusion for this font on input line 21.

[107


] [108]
<figures/fig_html_tool.png, id=2455, 1154.51324pt x 522.15076pt>
File: figures/fig_html_tool.png Graphic file (type png)
<use figures/fig_html_tool.png>
Package pdftex.def Info: figures/fig_html_tool.png  used on input line 155.
(pdftex.def)             Requested size: 455.24411pt x 205.89275pt.
 [109 <./figures/fig_html_tool.png>] [110]) [111] (./main.aux)
 ***********
LaTeX2e <2026-06-01>
L3 programming layer <2026-05-26>
 ***********
Package rerunfilecheck Info: File `main.out' has not changed.
(rerunfilecheck)             Checksum: FB25A31DB689A8C5B702A67FB256A8AE;34354.
 ) 
Here is how much of TeX's memory you used:
 23184 strings out of 467167
 434169 string characters out of 5413691
 872365 words of memory out of 5000000
 51219 multiletter control sequences out of 15000+600000
 716543 words of font info for 347 fonts, out of 8000000 for 9000
 1141 hyphenation exceptions out of 8191
 73i,15n,95p,1009b,1296s stack positions out of 10000i,1000n,20000p,200000b,200000s
<e:/texlive/2026/texmf-dist/fonts/type1/public/amsfonts/cm/cmbx12.pfb><e:/texlive/2026/texmf-dist/fonts/type1/public/amsfonts/cm/cmbx8.pfb><e:/texlive/2026/texmf-dist/fonts/type1/public/amsfonts/cm/cmex10.pfb><e:/texlive/2026/texmf-dist/fonts/type1/public/amsfonts/cm/cmmi10.pfb><e:/texlive/2026/texmf-dist/fonts/type1/public/amsfonts/cm/cmmi12.pfb><e:/texlive/2026/texmf-dist/fonts/type1/public/amsfonts/cm/cmmi6.pfb><e:/texlive/2026/texmf-dist/fonts/type1/public/amsfonts/cm/cmmi8.pfb><e:/texlive/2026/texmf-dist/fonts/type1/public/amsfonts/cm/cmmib10.pfb><e:/texlive/2026/texmf-dist/fonts/type1/public/amsfonts/cmextra/cmmib8.pfb><e:/texlive/2026/texmf-dist/fonts/type1/public/amsfonts/cm/cmr10.pfb><e:/texlive/2026/texmf-dist/fonts/type1/public/amsfonts/cm/cmr12.pfb><e:/texlive/2026/texmf-dist/fonts/type1/public/amsfonts/cm/cmr6.pfb><e:/texlive/2026/texmf-dist/fonts/type1/public/amsfonts/cm/cmr8.pfb><e:/texlive/2026/texmf-dist/fonts/type1/public/amsfonts/cm/cmsy10.pfb><e:/texlive/2026/texmf-dist/fonts/type1/public/amsfonts/cm/cmsy8.pfb><e:/texlive/2026/texmf-dist/fonts/type1/public/amsfonts/symbols/msam10.pfb><e:/texlive/2026/texmf-dist/fonts/type1/public/tex-gyre/qtmb.pfb><e:/texlive/2026/texmf-dist/fonts/type1/public/tex-gyre/qtmr.pfb><e:/texlive/2026/texmf-dist/fonts/type1/public/tex-gyre/qtmri.pfb><e:/texlive/2026/texmf-dist/fonts/type1/vntex/vnr/vnitt10.pfb><e:/texlive/2026/texmf-dist/fonts/type1/vntex/vnr/vntt10.pfb><e:/texlive/2026/texmf-dist/fonts/type1/vntex/vnr/vntt12.pfb>
Output written on main.pdf (128 pages, 6795758 bytes).
PDF statistics:
 2705 PDF objects out of 2984 (max. 8388607)
 2318 compressed objects within 24 object streams
 495 named destinations out of 1000 (max. 500000)
 64683 words of extra memory for PDF output out of 74296 (max. 10000000)

